RUNNING TESTS (array) | date: 20230812 | time: 164946.912 | complex kind: 16
----------------------------------------------------------------------------
All tests are "PASSING" with compiler "GCC version 12.3.1 20230508 (Red Hat 12.3.1-1)" using compiler options "-I build/gfortran_020AF3609BFD7C6D -mtune=generic -march=x86-64 -g -Wall -Wextra -Werror=implicit-interface -fPIC -fmax-errors=1 -fbounds-check -fcheck=array-temps -fbacktrace -fcoarray=single -fimplicit-none -ffree-form -J build/gfortran_020AF3609BFD7C6D -fpre-include=/usr/include/finclude/math-vector-fortran.h".

RUNNING TESTS (array) | date: 20230812 | time: 164947.313 | complex kind: 4
---------------------------------------------------------------------------
All tests are "PASSING" with compiler "GCC version 12.3.1 20230508 (Red Hat 12.3.1-1)" using compiler options "-I build/gfortran_020AF3609BFD7C6D -mtune=generic -march=x86-64 -g -Wall -Wextra -Werror=implicit-interface -fPIC -fmax-errors=1 -fbounds-check -fcheck=array-temps -fbacktrace -fcoarray=single -fimplicit-none -ffree-form -J build/gfortran_020AF3609BFD7C6D -fpre-include=/usr/include/finclude/math-vector-fortran.h".

RUNNING TESTS (array) | date: 20230812 | time: 164947.513 | complex kind: 8
---------------------------------------------------------------------------
All tests are "PASSING" with compiler "GCC version 12.3.1 20230508 (Red Hat 12.3.1-1)" using compiler options "-I build/gfortran_020AF3609BFD7C6D -mtune=generic -march=x86-64 -g -Wall -Wextra -Werror=implicit-interface -fPIC -fmax-errors=1 -fbounds-check -fcheck=array-temps -fbacktrace -fcoarray=single -fimplicit-none -ffree-form -J build/gfortran_020AF3609BFD7C6D -fpre-include=/usr/include/finclude/math-vector-fortran.h".

RUNNING TESTS (array) | date: 20230812 | time: 164947.732 | int kind: 2
-----------------------------------------------------------------------
All tests are "PASSING" with compiler "GCC version 12.3.1 20230508 (Red Hat 12.3.1-1)" using compiler options "-I build/gfortran_020AF3609BFD7C6D -mtune=generic -march=x86-64 -g -Wall -Wextra -Werror=implicit-interface -fPIC -fmax-errors=1 -fbounds-check -fcheck=array-temps -fbacktrace -fcoarray=single -fimplicit-none -ffree-form -J build/gfortran_020AF3609BFD7C6D -fpre-include=/usr/include/finclude/math-vector-fortran.h".

RUNNING TESTS (array) | date: 20230812 | time: 164947.768 | int kind: 4
-----------------------------------------------------------------------
All tests are "PASSING" with compiler "GCC version 12.3.1 20230508 (Red Hat 12.3.1-1)" using compiler options "-I build/gfortran_020AF3609BFD7C6D -mtune=generic -march=x86-64 -g -Wall -Wextra -Werror=implicit-interface -fPIC -fmax-errors=1 -fbounds-check -fcheck=array-temps -fbacktrace -fcoarray=single -fimplicit-none -ffree-form -J build/gfortran_020AF3609BFD7C6D -fpre-include=/usr/include/finclude/math-vector-fortran.h".

RUNNING TESTS (array) | date: 20230812 | time: 164947.803 | int kind: 8
-----------------------------------------------------------------------
All tests are "PASSING" with compiler "GCC version 12.3.1 20230508 (Red Hat 12.3.1-1)" using compiler options "-I build/gfortran_020AF3609BFD7C6D -mtune=generic -march=x86-64 -g -Wall -Wextra -Werror=implicit-interface -fPIC -fmax-errors=1 -fbounds-check -fcheck=array-temps -fbacktrace -fcoarray=single -fimplicit-none -ffree-form -J build/gfortran_020AF3609BFD7C6D -fpre-include=/usr/include/finclude/math-vector-fortran.h".

RUNNING TESTS (array) | date: 20230812 | time: 164947.839 | int kind: 1
-----------------------------------------------------------------------
All tests are "PASSING" with compiler "GCC version 12.3.1 20230508 (Red Hat 12.3.1-1)" using compiler options "-I build/gfortran_020AF3609BFD7C6D -mtune=generic -march=x86-64 -g -Wall -Wextra -Werror=implicit-interface -fPIC -fmax-errors=1 -fbounds-check -fcheck=array-temps -fbacktrace -fcoarray=single -fimplicit-none -ffree-form -J build/gfortran_020AF3609BFD7C6D -fpre-include=/usr/include/finclude/math-vector-fortran.h".

RUNNING TESTS (array) | date: 20230812 | time: 164947.875 | real kind: 16
-------------------------------------------------------------------------
All tests are "PASSING" with compiler "GCC version 12.3.1 20230508 (Red Hat 12.3.1-1)" using compiler options "-I build/gfortran_020AF3609BFD7C6D -mtune=generic -march=x86-64 -g -Wall -Wextra -Werror=implicit-interface -fPIC -fmax-errors=1 -fbounds-check -fcheck=array-temps -fbacktrace -fcoarray=single -fimplicit-none -ffree-form -J build/gfortran_020AF3609BFD7C6D -fpre-include=/usr/include/finclude/math-vector-fortran.h".

RUNNING TESTS (array) | date: 20230812 | time: 164947.968 | real kind: 4
------------------------------------------------------------------------
All tests are "PASSING" with compiler "GCC version 12.3.1 20230508 (Red Hat 12.3.1-1)" using compiler options "-I build/gfortran_020AF3609BFD7C6D -mtune=generic -march=x86-64 -g -Wall -Wextra -Werror=implicit-interface -fPIC -fmax-errors=1 -fbounds-check -fcheck=array-temps -fbacktrace -fcoarray=single -fimplicit-none -ffree-form -J build/gfortran_020AF3609BFD7C6D -fpre-include=/usr/include/finclude/math-vector-fortran.h".

RUNNING TESTS (array) | date: 20230812 | time: 164948.028 | real kind: 8
------------------------------------------------------------------------
All tests are "PASSING" with compiler "GCC version 12.3.1 20230508 (Red Hat 12.3.1-1)" using compiler options "-I build/gfortran_020AF3609BFD7C6D -mtune=generic -march=x86-64 -g -Wall -Wextra -Werror=implicit-interface -fPIC -fmax-errors=1 -fbounds-check -fcheck=array-temps -fbacktrace -fcoarray=single -fimplicit-none -ffree-form -J build/gfortran_020AF3609BFD7C6D -fpre-include=/usr/include/finclude/math-vector-fortran.h".

RUNNING TESTS (array) | date: 20230812 | time: 164948.095 | complex kind: 16
----------------------------------------------------------------------------
All tests are "PASSING" with compiler "GCC version 12.3.1 20230508 (Red Hat 12.3.1-1)" using compiler options "-I build/gfortran_020AF3609BFD7C6D -mtune=generic -march=x86-64 -g -Wall -Wextra -Werror=implicit-interface -fPIC -fmax-errors=1 -fbounds-check -fcheck=array-temps -fbacktrace -fcoarray=single -fimplicit-none -ffree-form -J build/gfortran_020AF3609BFD7C6D -fpre-include=/usr/include/finclude/math-vector-fortran.h".

RUNNING TESTS (array) | date: 20230812 | time: 164953.480 | complex kind: 4
---------------------------------------------------------------------------
All tests are "PASSING" with compiler "GCC version 12.3.1 20230508 (Red Hat 12.3.1-1)" using compiler options "-I build/gfortran_020AF3609BFD7C6D -mtune=generic -march=x86-64 -g -Wall -Wextra -Werror=implicit-interface -fPIC -fmax-errors=1 -fbounds-check -fcheck=array-temps -fbacktrace -fcoarray=single -fimplicit-none -ffree-form -J build/gfortran_020AF3609BFD7C6D -fpre-include=/usr/include/finclude/math-vector-fortran.h".

RUNNING TESTS (array) | date: 20230812 | time: 164956.806 | complex kind: 8
---------------------------------------------------------------------------
All tests are "PASSING" with compiler "GCC version 12.3.1 20230508 (Red Hat 12.3.1-1)" using compiler options "-I build/gfortran_020AF3609BFD7C6D -mtune=generic -march=x86-64 -g -Wall -Wextra -Werror=implicit-interface -fPIC -fmax-errors=1 -fbounds-check -fcheck=array-temps -fbacktrace -fcoarray=single -fimplicit-none -ffree-form -J build/gfortran_020AF3609BFD7C6D -fpre-include=/usr/include/finclude/math-vector-fortran.h".

RUNNING TESTS (array) | date: 20230812 | time: 165000.225 | int kind: 2
-----------------------------------------------------------------------
All tests are "PASSING" with compiler "GCC version 12.3.1 20230508 (Red Hat 12.3.1-1)" using compiler options "-I build/gfortran_020AF3609BFD7C6D -mtune=generic -march=x86-64 -g -Wall -Wextra -Werror=implicit-interface -fPIC -fmax-errors=1 -fbounds-check -fcheck=array-temps -fbacktrace -fcoarray=single -fimplicit-none -ffree-form -J build/gfortran_020AF3609BFD7C6D -fpre-include=/usr/include/finclude/math-vector-fortran.h".

RUNNING TESTS (array) | date: 20230812 | time: 165000.599 | int kind: 4
-----------------------------------------------------------------------
All tests are "PASSING" with compiler "GCC version 12.3.1 20230508 (Red Hat 12.3.1-1)" using compiler options "-I build/gfortran_020AF3609BFD7C6D -mtune=generic -march=x86-64 -g -Wall -Wextra -Werror=implicit-interface -fPIC -fmax-errors=1 -fbounds-check -fcheck=array-temps -fbacktrace -fcoarray=single -fimplicit-none -ffree-form -J build/gfortran_020AF3609BFD7C6D -fpre-include=/usr/include/finclude/math-vector-fortran.h".

RUNNING TESTS (array) | date: 20230812 | time: 165000.976 | int kind: 8
-----------------------------------------------------------------------
All tests are "PASSING" with compiler "GCC version 12.3.1 20230508 (Red Hat 12.3.1-1)" using compiler options "-I build/gfortran_020AF3609BFD7C6D -mtune=generic -march=x86-64 -g -Wall -Wextra -Werror=implicit-interface -fPIC -fmax-errors=1 -fbounds-check -fcheck=array-temps -fbacktrace -fcoarray=single -fimplicit-none -ffree-form -J build/gfortran_020AF3609BFD7C6D -fpre-include=/usr/include/finclude/math-vector-fortran.h".

RUNNING TESTS (array) | date: 20230812 | time: 165001.377 | int kind: 1
-----------------------------------------------------------------------
All tests are "PASSING" with compiler "GCC version 12.3.1 20230508 (Red Hat 12.3.1-1)" using compiler options "-I build/gfortran_020AF3609BFD7C6D -mtune=generic -march=x86-64 -g -Wall -Wextra -Werror=implicit-interface -fPIC -fmax-errors=1 -fbounds-check -fcheck=array-temps -fbacktrace -fcoarray=single -fimplicit-none -ffree-form -J build/gfortran_020AF3609BFD7C6D -fpre-include=/usr/include/finclude/math-vector-fortran.h".

RUNNING TESTS (array) | date: 20230812 | time: 165001.750 | real kind: 16
-------------------------------------------------------------------------
All tests are "PASSING" with compiler "GCC version 12.3.1 20230508 (Red Hat 12.3.1-1)" using compiler options "-I build/gfortran_020AF3609BFD7C6D -mtune=generic -march=x86-64 -g -Wall -Wextra -Werror=implicit-interface -fPIC -fmax-errors=1 -fbounds-check -fcheck=array-temps -fbacktrace -fcoarray=single -fimplicit-none -ffree-form -J build/gfortran_020AF3609BFD7C6D -fpre-include=/usr/include/finclude/math-vector-fortran.h".

RUNNING TESTS (array) | date: 20230812 | time: 165002.845 | real kind: 4
------------------------------------------------------------------------
All tests are "PASSING" with compiler "GCC version 12.3.1 20230508 (Red Hat 12.3.1-1)" using compiler options "-I build/gfortran_020AF3609BFD7C6D -mtune=generic -march=x86-64 -g -Wall -Wextra -Werror=implicit-interface -fPIC -fmax-errors=1 -fbounds-check -fcheck=array-temps -fbacktrace -fcoarray=single -fimplicit-none -ffree-form -J build/gfortran_020AF3609BFD7C6D -fpre-include=/usr/include/finclude/math-vector-fortran.h".

RUNNING TESTS (array) | date: 20230812 | time: 165003.666 | real kind: 8
------------------------------------------------------------------------
All tests are "PASSING" with compiler "GCC version 12.3.1 20230508 (Red Hat 12.3.1-1)" using compiler options "-I build/gfortran_020AF3609BFD7C6D -mtune=generic -march=x86-64 -g -Wall -Wextra -Werror=implicit-interface -fPIC -fmax-errors=1 -fbounds-check -fcheck=array-temps -fbacktrace -fcoarray=single -fimplicit-none -ffree-form -J build/gfortran_020AF3609BFD7C6D -fpre-include=/usr/include/finclude/math-vector-fortran.h".

RUNNING TESTS (scalar) | date: 20230812 | time: 165004.508 | complex kind: 16
-----------------------------------------------------------------------------
All tests are "PASSING" with compiler "GCC version 12.3.1 20230508 (Red Hat 12.3.1-1)" using compiler options "-I build/gfortran_020AF3609BFD7C6D -mtune=generic -march=x86-64 -g -Wall -Wextra -Werror=implicit-interface -fPIC -fmax-errors=1 -fbounds-check -fcheck=array-temps -fbacktrace -fcoarray=single -fimplicit-none -ffree-form -J build/gfortran_020AF3609BFD7C6D -fpre-include=/usr/include/finclude/math-vector-fortran.h".

RUNNING TESTS (scalar) | date: 20230812 | time: 165004.545 | complex kind: 4
----------------------------------------------------------------------------
All tests are "PASSING" with compiler "GCC version 12.3.1 20230508 (Red Hat 12.3.1-1)" using compiler options "-I build/gfortran_020AF3609BFD7C6D -mtune=generic -march=x86-64 -g -Wall -Wextra -Werror=implicit-interface -fPIC -fmax-errors=1 -fbounds-check -fcheck=array-temps -fbacktrace -fcoarray=single -fimplicit-none -ffree-form -J build/gfortran_020AF3609BFD7C6D -fpre-include=/usr/include/finclude/math-vector-fortran.h".

RUNNING TESTS (scalar) | date: 20230812 | time: 165004.580 | complex kind: 8
----------------------------------------------------------------------------
All tests are "PASSING" with compiler "GCC version 12.3.1 20230508 (Red Hat 12.3.1-1)" using compiler options "-I build/gfortran_020AF3609BFD7C6D -mtune=generic -march=x86-64 -g -Wall -Wextra -Werror=implicit-interface -fPIC -fmax-errors=1 -fbounds-check -fcheck=array-temps -fbacktrace -fcoarray=single -fimplicit-none -ffree-form -J build/gfortran_020AF3609BFD7C6D -fpre-include=/usr/include/finclude/math-vector-fortran.h".

RUNNING TESTS (scalar) | date: 20230812 | time: 165004.616 | int kind: 2
------------------------------------------------------------------------
All tests are "PASSING" with compiler "GCC version 12.3.1 20230508 (Red Hat 12.3.1-1)" using compiler options "-I build/gfortran_020AF3609BFD7C6D -mtune=generic -march=x86-64 -g -Wall -Wextra -Werror=implicit-interface -fPIC -fmax-errors=1 -fbounds-check -fcheck=array-temps -fbacktrace -fcoarray=single -fimplicit-none -ffree-form -J build/gfortran_020AF3609BFD7C6D -fpre-include=/usr/include/finclude/math-vector-fortran.h".

RUNNING TESTS (scalar) | date: 20230812 | time: 165004.651 | int kind: 4
------------------------------------------------------------------------
All tests are "PASSING" with compiler "GCC version 12.3.1 20230508 (Red Hat 12.3.1-1)" using compiler options "-I build/gfortran_020AF3609BFD7C6D -mtune=generic -march=x86-64 -g -Wall -Wextra -Werror=implicit-interface -fPIC -fmax-errors=1 -fbounds-check -fcheck=array-temps -fbacktrace -fcoarray=single -fimplicit-none -ffree-form -J build/gfortran_020AF3609BFD7C6D -fpre-include=/usr/include/finclude/math-vector-fortran.h".

RUNNING TESTS (scalar) | date: 20230812 | time: 165004.685 | int kind: 8
------------------------------------------------------------------------
All tests are "PASSING" with compiler "GCC version 12.3.1 20230508 (Red Hat 12.3.1-1)" using compiler options "-I build/gfortran_020AF3609BFD7C6D -mtune=generic -march=x86-64 -g -Wall -Wextra -Werror=implicit-interface -fPIC -fmax-errors=1 -fbounds-check -fcheck=array-temps -fbacktrace -fcoarray=single -fimplicit-none -ffree-form -J build/gfortran_020AF3609BFD7C6D -fpre-include=/usr/include/finclude/math-vector-fortran.h".

RUNNING TESTS (scalar) | date: 20230812 | time: 165004.719 | int kind: 1
------------------------------------------------------------------------
All tests are "PASSING" with compiler "GCC version 12.3.1 20230508 (Red Hat 12.3.1-1)" using compiler options "-I build/gfortran_020AF3609BFD7C6D -mtune=generic -march=x86-64 -g -Wall -Wextra -Werror=implicit-interface -fPIC -fmax-errors=1 -fbounds-check -fcheck=array-temps -fbacktrace -fcoarray=single -fimplicit-none -ffree-form -J build/gfortran_020AF3609BFD7C6D -fpre-include=/usr/include/finclude/math-vector-fortran.h".

RUNNING TESTS (scalar) | date: 20230812 | time: 165004.755 | real kind: 16
--------------------------------------------------------------------------
All tests are "PASSING" with compiler "GCC version 12.3.1 20230508 (Red Hat 12.3.1-1)" using compiler options "-I build/gfortran_020AF3609BFD7C6D -mtune=generic -march=x86-64 -g -Wall -Wextra -Werror=implicit-interface -fPIC -fmax-errors=1 -fbounds-check -fcheck=array-temps -fbacktrace -fcoarray=single -fimplicit-none -ffree-form -J build/gfortran_020AF3609BFD7C6D -fpre-include=/usr/include/finclude/math-vector-fortran.h".

RUNNING TESTS (scalar) | date: 20230812 | time: 165004.789 | real kind: 4
-------------------------------------------------------------------------
All tests are "PASSING" with compiler "GCC version 12.3.1 20230508 (Red Hat 12.3.1-1)" using compiler options "-I build/gfortran_020AF3609BFD7C6D -mtune=generic -march=x86-64 -g -Wall -Wextra -Werror=implicit-interface -fPIC -fmax-errors=1 -fbounds-check -fcheck=array-temps -fbacktrace -fcoarray=single -fimplicit-none -ffree-form -J build/gfortran_020AF3609BFD7C6D -fpre-include=/usr/include/finclude/math-vector-fortran.h".

RUNNING TESTS (scalar) | date: 20230812 | time: 165004.824 | real kind: 8
-------------------------------------------------------------------------
All tests are "PASSING" with compiler "GCC version 12.3.1 20230508 (Red Hat 12.3.1-1)" using compiler options "-I build/gfortran_020AF3609BFD7C6D -mtune=generic -march=x86-64 -g -Wall -Wextra -Werror=implicit-interface -fPIC -fmax-errors=1 -fbounds-check -fcheck=array-temps -fbacktrace -fcoarray=single -fimplicit-none -ffree-form -J build/gfortran_020AF3609BFD7C6D -fpre-include=/usr/include/finclude/math-vector-fortran.h".

RUNNING TESTS (array) | date: 20230812 | time: 165117.251 | complex kind: 16
----------------------------------------------------------------------------
All tests are "PASSING" with compiler "GCC version 12.3.1 20230508 (Red Hat 12.3.1-1)" using compiler options "-I build/gfortran_78F11BC70A0F0145 -mtune=generic -march=x86-64 -O3 -Werror=implicit-interface -fimplicit-none -ffree-form -J build/gfortran_78F11BC70A0F0145 -fpre-include=/usr/include/finclude/math-vector-fortran.h".

RUNNING TESTS (array) | date: 20230812 | time: 165117.638 | complex kind: 4
---------------------------------------------------------------------------
All tests are "PASSING" with compiler "GCC version 12.3.1 20230508 (Red Hat 12.3.1-1)" using compiler options "-I build/gfortran_78F11BC70A0F0145 -mtune=generic -march=x86-64 -O3 -Werror=implicit-interface -fimplicit-none -ffree-form -J build/gfortran_78F11BC70A0F0145 -fpre-include=/usr/include/finclude/math-vector-fortran.h".

RUNNING TESTS (array) | date: 20230812 | time: 165117.819 | complex kind: 8
---------------------------------------------------------------------------
All tests are "PASSING" with compiler "GCC version 12.3.1 20230508 (Red Hat 12.3.1-1)" using compiler options "-I build/gfortran_78F11BC70A0F0145 -mtune=generic -march=x86-64 -O3 -Werror=implicit-interface -fimplicit-none -ffree-form -J build/gfortran_78F11BC70A0F0145 -fpre-include=/usr/include/finclude/math-vector-fortran.h".

RUNNING TESTS (array) | date: 20230812 | time: 165118.013 | int kind: 2
-----------------------------------------------------------------------
All tests are "PASSING" with compiler "GCC version 12.3.1 20230508 (Red Hat 12.3.1-1)" using compiler options "-I build/gfortran_78F11BC70A0F0145 -mtune=generic -march=x86-64 -O3 -Werror=implicit-interface -fimplicit-none -ffree-form -J build/gfortran_78F11BC70A0F0145 -fpre-include=/usr/include/finclude/math-vector-fortran.h".

RUNNING TESTS (array) | date: 20230812 | time: 165118.039 | int kind: 4
-----------------------------------------------------------------------
All tests are "PASSING" with compiler "GCC version 12.3.1 20230508 (Red Hat 12.3.1-1)" using compiler options "-I build/gfortran_78F11BC70A0F0145 -mtune=generic -march=x86-64 -O3 -Werror=implicit-interface -fimplicit-none -ffree-form -J build/gfortran_78F11BC70A0F0145 -fpre-include=/usr/include/finclude/math-vector-fortran.h".

RUNNING TESTS (array) | date: 20230812 | time: 165118.066 | int kind: 8
-----------------------------------------------------------------------
All tests are "PASSING" with compiler "GCC version 12.3.1 20230508 (Red Hat 12.3.1-1)" using compiler options "-I build/gfortran_78F11BC70A0F0145 -mtune=generic -march=x86-64 -O3 -Werror=implicit-interface -fimplicit-none -ffree-form -J build/gfortran_78F11BC70A0F0145 -fpre-include=/usr/include/finclude/math-vector-fortran.h".

RUNNING TESTS (array) | date: 20230812 | time: 165118.092 | int kind: 1
-----------------------------------------------------------------------
All tests are "PASSING" with compiler "GCC version 12.3.1 20230508 (Red Hat 12.3.1-1)" using compiler options "-I build/gfortran_78F11BC70A0F0145 -mtune=generic -march=x86-64 -O3 -Werror=implicit-interface -fimplicit-none -ffree-form -J build/gfortran_78F11BC70A0F0145 -fpre-include=/usr/include/finclude/math-vector-fortran.h".

RUNNING TESTS (array) | date: 20230812 | time: 165118.120 | real kind: 16
-------------------------------------------------------------------------
All tests are "PASSING" with compiler "GCC version 12.3.1 20230508 (Red Hat 12.3.1-1)" using compiler options "-I build/gfortran_78F11BC70A0F0145 -mtune=generic -march=x86-64 -O3 -Werror=implicit-interface -fimplicit-none -ffree-form -J build/gfortran_78F11BC70A0F0145 -fpre-include=/usr/include/finclude/math-vector-fortran.h".

RUNNING TESTS (array) | date: 20230812 | time: 165118.200 | real kind: 4
------------------------------------------------------------------------
All tests are "PASSING" with compiler "GCC version 12.3.1 20230508 (Red Hat 12.3.1-1)" using compiler options "-I build/gfortran_78F11BC70A0F0145 -mtune=generic -march=x86-64 -O3 -Werror=implicit-interface -fimplicit-none -ffree-form -J build/gfortran_78F11BC70A0F0145 -fpre-include=/usr/include/finclude/math-vector-fortran.h".

RUNNING TESTS (array) | date: 20230812 | time: 165118.251 | real kind: 8
------------------------------------------------------------------------
All tests are "PASSING" with compiler "GCC version 12.3.1 20230508 (Red Hat 12.3.1-1)" using compiler options "-I build/gfortran_78F11BC70A0F0145 -mtune=generic -march=x86-64 -O3 -Werror=implicit-interface -fimplicit-none -ffree-form -J build/gfortran_78F11BC70A0F0145 -fpre-include=/usr/include/finclude/math-vector-fortran.h".

RUNNING TESTS (array) | date: 20230812 | time: 165118.305 | complex kind: 16
----------------------------------------------------------------------------
All tests are "PASSING" with compiler "GCC version 12.3.1 20230508 (Red Hat 12.3.1-1)" using compiler options "-I build/gfortran_78F11BC70A0F0145 -mtune=generic -march=x86-64 -O3 -Werror=implicit-interface -fimplicit-none -ffree-form -J build/gfortran_78F11BC70A0F0145 -fpre-include=/usr/include/finclude/math-vector-fortran.h".

RUNNING TESTS (array) | date: 20230812 | time: 165123.396 | complex kind: 4
---------------------------------------------------------------------------
All tests are "PASSING" with compiler "GCC version 12.3.1 20230508 (Red Hat 12.3.1-1)" using compiler options "-I build/gfortran_78F11BC70A0F0145 -mtune=generic -march=x86-64 -O3 -Werror=implicit-interface -fimplicit-none -ffree-form -J build/gfortran_78F11BC70A0F0145 -fpre-include=/usr/include/finclude/math-vector-fortran.h".

RUNNING TESTS (array) | date: 20230812 | time: 165126.552 | complex kind: 8
---------------------------------------------------------------------------
All tests are "PASSING" with compiler "GCC version 12.3.1 20230508 (Red Hat 12.3.1-1)" using compiler options "-I build/gfortran_78F11BC70A0F0145 -mtune=generic -march=x86-64 -O3 -Werror=implicit-interface -fimplicit-none -ffree-form -J build/gfortran_78F11BC70A0F0145 -fpre-include=/usr/include/finclude/math-vector-fortran.h".

RUNNING TESTS (array) | date: 20230812 | time: 165129.762 | int kind: 2
-----------------------------------------------------------------------
All tests are "PASSING" with compiler "GCC version 12.3.1 20230508 (Red Hat 12.3.1-1)" using compiler options "-I build/gfortran_78F11BC70A0F0145 -mtune=generic -march=x86-64 -O3 -Werror=implicit-interface -fimplicit-none -ffree-form -J build/gfortran_78F11BC70A0F0145 -fpre-include=/usr/include/finclude/math-vector-fortran.h".

RUNNING TESTS (array) | date: 20230812 | time: 165130.107 | int kind: 4
-----------------------------------------------------------------------
All tests are "PASSING" with compiler "GCC version 12.3.1 20230508 (Red Hat 12.3.1-1)" using compiler options "-I build/gfortran_78F11BC70A0F0145 -mtune=generic -march=x86-64 -O3 -Werror=implicit-interface -fimplicit-none -ffree-form -J build/gfortran_78F11BC70A0F0145 -fpre-include=/usr/include/finclude/math-vector-fortran.h".

RUNNING TESTS (array) | date: 20230812 | time: 165130.478 | int kind: 8
-----------------------------------------------------------------------
All tests are "PASSING" with compiler "GCC version 12.3.1 20230508 (Red Hat 12.3.1-1)" using compiler options "-I build/gfortran_78F11BC70A0F0145 -mtune=generic -march=x86-64 -O3 -Werror=implicit-interface -fimplicit-none -ffree-form -J build/gfortran_78F11BC70A0F0145 -fpre-include=/usr/include/finclude/math-vector-fortran.h".

RUNNING TESTS (array) | date: 20230812 | time: 165130.845 | int kind: 1
-----------------------------------------------------------------------
All tests are "PASSING" with compiler "GCC version 12.3.1 20230508 (Red Hat 12.3.1-1)" using compiler options "-I build/gfortran_78F11BC70A0F0145 -mtune=generic -march=x86-64 -O3 -Werror=implicit-interface -fimplicit-none -ffree-form -J build/gfortran_78F11BC70A0F0145 -fpre-include=/usr/include/finclude/math-vector-fortran.h".

RUNNING TESTS (array) | date: 20230812 | time: 165131.183 | real kind: 16
-------------------------------------------------------------------------
All tests are "PASSING" with compiler "GCC version 12.3.1 20230508 (Red Hat 12.3.1-1)" using compiler options "-I build/gfortran_78F11BC70A0F0145 -mtune=generic -march=x86-64 -O3 -Werror=implicit-interface -fimplicit-none -ffree-form -J build/gfortran_78F11BC70A0F0145 -fpre-include=/usr/include/finclude/math-vector-fortran.h".

RUNNING TESTS (array) | date: 20230812 | time: 165132.222 | real kind: 4
------------------------------------------------------------------------
All tests are "PASSING" with compiler "GCC version 12.3.1 20230508 (Red Hat 12.3.1-1)" using compiler options "-I build/gfortran_78F11BC70A0F0145 -mtune=generic -march=x86-64 -O3 -Werror=implicit-interface -fimplicit-none -ffree-form -J build/gfortran_78F11BC70A0F0145 -fpre-include=/usr/include/finclude/math-vector-fortran.h".

RUNNING TESTS (array) | date: 20230812 | time: 165132.995 | real kind: 8
------------------------------------------------------------------------
All tests are "PASSING" with compiler "GCC version 12.3.1 20230508 (Red Hat 12.3.1-1)" using compiler options "-I build/gfortran_78F11BC70A0F0145 -mtune=generic -march=x86-64 -O3 -Werror=implicit-interface -fimplicit-none -ffree-form -J build/gfortran_78F11BC70A0F0145 -fpre-include=/usr/include/finclude/math-vector-fortran.h".

RUNNING TESTS (scalar) | date: 20230812 | time: 165133.814 | complex kind: 16
-----------------------------------------------------------------------------
All tests are "PASSING" with compiler "GCC version 12.3.1 20230508 (Red Hat 12.3.1-1)" using compiler options "-I build/gfortran_78F11BC70A0F0145 -mtune=generic -march=x86-64 -O3 -Werror=implicit-interface -fimplicit-none -ffree-form -J build/gfortran_78F11BC70A0F0145 -fpre-include=/usr/include/finclude/math-vector-fortran.h".

RUNNING TESTS (scalar) | date: 20230812 | time: 165133.842 | complex kind: 4
----------------------------------------------------------------------------
All tests are "PASSING" with compiler "GCC version 12.3.1 20230508 (Red Hat 12.3.1-1)" using compiler options "-I build/gfortran_78F11BC70A0F0145 -mtune=generic -march=x86-64 -O3 -Werror=implicit-interface -fimplicit-none -ffree-form -J build/gfortran_78F11BC70A0F0145 -fpre-include=/usr/include/finclude/math-vector-fortran.h".

RUNNING TESTS (scalar) | date: 20230812 | time: 165133.870 | complex kind: 8
----------------------------------------------------------------------------
All tests are "PASSING" with compiler "GCC version 12.3.1 20230508 (Red Hat 12.3.1-1)" using compiler options "-I build/gfortran_78F11BC70A0F0145 -mtune=generic -march=x86-64 -O3 -Werror=implicit-interface -fimplicit-none -ffree-form -J build/gfortran_78F11BC70A0F0145 -fpre-include=/usr/include/finclude/math-vector-fortran.h".

RUNNING TESTS (scalar) | date: 20230812 | time: 165133.898 | int kind: 2
------------------------------------------------------------------------
All tests are "PASSING" with compiler "GCC version 12.3.1 20230508 (Red Hat 12.3.1-1)" using compiler options "-I build/gfortran_78F11BC70A0F0145 -mtune=generic -march=x86-64 -O3 -Werror=implicit-interface -fimplicit-none -ffree-form -J build/gfortran_78F11BC70A0F0145 -fpre-include=/usr/include/finclude/math-vector-fortran.h".

RUNNING TESTS (scalar) | date: 20230812 | time: 165133.923 | int kind: 4
------------------------------------------------------------------------
All tests are "PASSING" with compiler "GCC version 12.3.1 20230508 (Red Hat 12.3.1-1)" using compiler options "-I build/gfortran_78F11BC70A0F0145 -mtune=generic -march=x86-64 -O3 -Werror=implicit-interface -fimplicit-none -ffree-form -J build/gfortran_78F11BC70A0F0145 -fpre-include=/usr/include/finclude/math-vector-fortran.h".

RUNNING TESTS (scalar) | date: 20230812 | time: 165133.949 | int kind: 8
------------------------------------------------------------------------
All tests are "PASSING" with compiler "GCC version 12.3.1 20230508 (Red Hat 12.3.1-1)" using compiler options "-I build/gfortran_78F11BC70A0F0145 -mtune=generic -march=x86-64 -O3 -Werror=implicit-interface -fimplicit-none -ffree-form -J build/gfortran_78F11BC70A0F0145 -fpre-include=/usr/include/finclude/math-vector-fortran.h".

RUNNING TESTS (scalar) | date: 20230812 | time: 165133.976 | int kind: 1
------------------------------------------------------------------------
All tests are "PASSING" with compiler "GCC version 12.3.1 20230508 (Red Hat 12.3.1-1)" using compiler options "-I build/gfortran_78F11BC70A0F0145 -mtune=generic -march=x86-64 -O3 -Werror=implicit-interface -fimplicit-none -ffree-form -J build/gfortran_78F11BC70A0F0145 -fpre-include=/usr/include/finclude/math-vector-fortran.h".

RUNNING TESTS (scalar) | date: 20230812 | time: 165134.002 | real kind: 16
--------------------------------------------------------------------------
All tests are "PASSING" with compiler "GCC version 12.3.1 20230508 (Red Hat 12.3.1-1)" using compiler options "-I build/gfortran_78F11BC70A0F0145 -mtune=generic -march=x86-64 -O3 -Werror=implicit-interface -fimplicit-none -ffree-form -J build/gfortran_78F11BC70A0F0145 -fpre-include=/usr/include/finclude/math-vector-fortran.h".

RUNNING TESTS (scalar) | date: 20230812 | time: 165134.028 | real kind: 4
-------------------------------------------------------------------------
All tests are "PASSING" with compiler "GCC version 12.3.1 20230508 (Red Hat 12.3.1-1)" using compiler options "-I build/gfortran_78F11BC70A0F0145 -mtune=generic -march=x86-64 -O3 -Werror=implicit-interface -fimplicit-none -ffree-form -J build/gfortran_78F11BC70A0F0145 -fpre-include=/usr/include/finclude/math-vector-fortran.h".

RUNNING TESTS (scalar) | date: 20230812 | time: 165134.054 | real kind: 8
-------------------------------------------------------------------------
All tests are "PASSING" with compiler "GCC version 12.3.1 20230508 (Red Hat 12.3.1-1)" using compiler options "-I build/gfortran_78F11BC70A0F0145 -mtune=generic -march=x86-64 -O3 -Werror=implicit-interface -fimplicit-none -ffree-form -J build/gfortran_78F11BC70A0F0145 -fpre-include=/usr/include/finclude/math-vector-fortran.h".

RUNNING TESTS (array) | date: 20230812 | time: 165458.673 | complex kind: 16
----------------------------------------------------------------------------
All tests are "PASSING" with compiler "Intel(R) Fortran Compiler for applications running on Intel(R) 64, Version 2023.2.0 Build 20230721" using compiler options "-Ibuild/ifx_AF124F8F3A7E52CB -c -O3 -stand f18 -free -module build/ifx_AF124F8F3A7E52CB -o build/ifx_AF124F8F3A7E52CB/IO-Fortran-Library/test_units_array-test-c128.f90.o ".

RUNNING TESTS (array) | date: 20230812 | time: 165459.056 | complex kind: 4
---------------------------------------------------------------------------
All tests are "PASSING" with compiler "Intel(R) Fortran Compiler for applications running on Intel(R) 64, Version 2023.2.0 Build 20230721" using compiler options "-Ibuild/ifx_AF124F8F3A7E52CB -c -O3 -stand f18 -free -module build/ifx_AF124F8F3A7E52CB -o build/ifx_AF124F8F3A7E52CB/IO-Fortran-Library/test_units_array-test-c32.f90.o ".

RUNNING TESTS (array) | date: 20230812 | time: 165459.202 | complex kind: 8
---------------------------------------------------------------------------
All tests are "PASSING" with compiler "Intel(R) Fortran Compiler for applications running on Intel(R) 64, Version 2023.2.0 Build 20230721" using compiler options "-Ibuild/ifx_AF124F8F3A7E52CB -c -O3 -stand f18 -free -module build/ifx_AF124F8F3A7E52CB -o build/ifx_AF124F8F3A7E52CB/IO-Fortran-Library/test_units_array-test-c64.f90.o ".

RUNNING TESTS (array) | date: 20230812 | time: 165459.371 | int kind: 2
-----------------------------------------------------------------------
All tests are "PASSING" with compiler "Intel(R) Fortran Compiler for applications running on Intel(R) 64, Version 2023.2.0 Build 20230721" using compiler options "-Ibuild/ifx_AF124F8F3A7E52CB -c -O3 -stand f18 -free -module build/ifx_AF124F8F3A7E52CB -o build/ifx_AF124F8F3A7E52CB/IO-Fortran-Library/test_units_array-test-i16.f90.o ".

RUNNING TESTS (array) | date: 20230812 | time: 165459.413 | int kind: 4
-----------------------------------------------------------------------
All tests are "PASSING" with compiler "Intel(R) Fortran Compiler for applications running on Intel(R) 64, Version 2023.2.0 Build 20230721" using compiler options "-Ibuild/ifx_AF124F8F3A7E52CB -c -O3 -stand f18 -free -module build/ifx_AF124F8F3A7E52CB -o build/ifx_AF124F8F3A7E52CB/IO-Fortran-Library/test_units_array-test-i32.f90.o ".

RUNNING TESTS (array) | date: 20230812 | time: 165459.455 | int kind: 8
-----------------------------------------------------------------------
All tests are "PASSING" with compiler "Intel(R) Fortran Compiler for applications running on Intel(R) 64, Version 2023.2.0 Build 20230721" using compiler options "-Ibuild/ifx_AF124F8F3A7E52CB -c -O3 -stand f18 -free -module build/ifx_AF124F8F3A7E52CB -o build/ifx_AF124F8F3A7E52CB/IO-Fortran-Library/test_units_array-test-i64.f90.o ".

RUNNING TESTS (array) | date: 20230812 | time: 165459.498 | int kind: 1
-----------------------------------------------------------------------
All tests are "PASSING" with compiler "Intel(R) Fortran Compiler for applications running on Intel(R) 64, Version 2023.2.0 Build 20230721" using compiler options "-Ibuild/ifx_AF124F8F3A7E52CB -c -O3 -stand f18 -free -module build/ifx_AF124F8F3A7E52CB -o build/ifx_AF124F8F3A7E52CB/IO-Fortran-Library/test_units_array-test-i8.f90.o ".

RUNNING TESTS (array) | date: 20230812 | time: 165459.541 | real kind: 16
-------------------------------------------------------------------------
All tests are "PASSING" with compiler "Intel(R) Fortran Compiler for applications running on Intel(R) 64, Version 2023.2.0 Build 20230721" using compiler options "-Ibuild/ifx_AF124F8F3A7E52CB -c -O3 -stand f18 -free -module build/ifx_AF124F8F3A7E52CB -o build/ifx_AF124F8F3A7E52CB/IO-Fortran-Library/test_units_array-test-r128.f90.o ".

RUNNING TESTS (array) | date: 20230812 | time: 165459.638 | real kind: 4
------------------------------------------------------------------------
All tests are "PASSING" with compiler "Intel(R) Fortran Compiler for applications running on Intel(R) 64, Version 2023.2.0 Build 20230721" using compiler options "-Ibuild/ifx_AF124F8F3A7E52CB -c -O3 -stand f18 -free -module build/ifx_AF124F8F3A7E52CB -o build/ifx_AF124F8F3A7E52CB/IO-Fortran-Library/test_units_array-test-r32.f90.o ".

RUNNING TESTS (array) | date: 20230812 | time: 165459.695 | real kind: 8
------------------------------------------------------------------------
All tests are "PASSING" with compiler "Intel(R) Fortran Compiler for applications running on Intel(R) 64, Version 2023.2.0 Build 20230721" using compiler options "-Ibuild/ifx_AF124F8F3A7E52CB -c -O3 -stand f18 -free -module build/ifx_AF124F8F3A7E52CB -o build/ifx_AF124F8F3A7E52CB/IO-Fortran-Library/test_units_array-test-r64.f90.o ".

RUNNING TESTS (array) | date: 20230812 | time: 165459.970 | int kind: 2
-----------------------------------------------------------------------
All tests are "PASSING" with compiler "Intel(R) Fortran Compiler for applications running on Intel(R) 64, Version 2023.2.0 Build 20230721" using compiler options "-Ibuild/ifx_AF124F8F3A7E52CB -c -O3 -stand f18 -free -module build/ifx_AF124F8F3A7E52CB -o build/ifx_AF124F8F3A7E52CB/IO-Fortran-Library/test_units_file-test-i16.f90.o ".

RUNNING TESTS (array) | date: 20230812 | time: 165500.305 | int kind: 4
-----------------------------------------------------------------------
All tests are "PASSING" with compiler "Intel(R) Fortran Compiler for applications running on Intel(R) 64, Version 2023.2.0 Build 20230721" using compiler options "-Ibuild/ifx_AF124F8F3A7E52CB -c -O3 -stand f18 -free -module build/ifx_AF124F8F3A7E52CB -o build/ifx_AF124F8F3A7E52CB/IO-Fortran-Library/test_units_file-test-i32.f90.o ".

RUNNING TESTS (array) | date: 20230812 | time: 165500.653 | int kind: 8
-----------------------------------------------------------------------
All tests are "PASSING" with compiler "Intel(R) Fortran Compiler for applications running on Intel(R) 64, Version 2023.2.0 Build 20230721" using compiler options "-Ibuild/ifx_AF124F8F3A7E52CB -c -O3 -stand f18 -free -module build/ifx_AF124F8F3A7E52CB -o build/ifx_AF124F8F3A7E52CB/IO-Fortran-Library/test_units_file-test-i64.f90.o ".

RUNNING TESTS (array) | date: 20230812 | time: 165501.010 | int kind: 1
-----------------------------------------------------------------------
All tests are "PASSING" with compiler "Intel(R) Fortran Compiler for applications running on Intel(R) 64, Version 2023.2.0 Build 20230721" using compiler options "-Ibuild/ifx_AF124F8F3A7E52CB -c -O3 -stand f18 -free -module build/ifx_AF124F8F3A7E52CB -o build/ifx_AF124F8F3A7E52CB/IO-Fortran-Library/test_units_file-test-i8.f90.o ".

RUNNING TESTS (array) | date: 20230812 | time: 165501.338 | real kind: 16
-------------------------------------------------------------------------
All tests are "PASSING" with compiler "Intel(R) Fortran Compiler for applications running on Intel(R) 64, Version 2023.2.0 Build 20230721" using compiler options "-Ibuild/ifx_AF124F8F3A7E52CB -c -O3 -stand f18 -free -module build/ifx_AF124F8F3A7E52CB -o build/ifx_AF124F8F3A7E52CB/IO-Fortran-Library/test_units_file-test-r128.f90.o ".

RUNNING TESTS (array) | date: 20230812 | time: 165502.448 | real kind: 4
------------------------------------------------------------------------
All tests are "PASSING" with compiler "Intel(R) Fortran Compiler for applications running on Intel(R) 64, Version 2023.2.0 Build 20230721" using compiler options "-Ibuild/ifx_AF124F8F3A7E52CB -c -O3 -stand f18 -free -module build/ifx_AF124F8F3A7E52CB -o build/ifx_AF124F8F3A7E52CB/IO-Fortran-Library/test_units_file-test-r32.f90.o ".

RUNNING TESTS (array) | date: 20230812 | time: 165503.107 | real kind: 8
------------------------------------------------------------------------
All tests are "PASSING" with compiler "Intel(R) Fortran Compiler for applications running on Intel(R) 64, Version 2023.2.0 Build 20230721" using compiler options "-Ibuild/ifx_AF124F8F3A7E52CB -c -O3 -stand f18 -free -module build/ifx_AF124F8F3A7E52CB -o build/ifx_AF124F8F3A7E52CB/IO-Fortran-Library/test_units_file-test-r64.f90.o ".

RUNNING TESTS (scalar) | date: 20230812 | time: 165503.808 | complex kind: 16
-----------------------------------------------------------------------------
All tests are "PASSING" with compiler "Intel(R) Fortran Compiler for applications running on Intel(R) 64, Version 2023.2.0 Build 20230721" using compiler options "-Ibuild/ifx_AF124F8F3A7E52CB -c -O3 -stand f18 -free -module build/ifx_AF124F8F3A7E52CB -o build/ifx_AF124F8F3A7E52CB/IO-Fortran-Library/test_units_scalar-test-c128.f90.o ".

RUNNING TESTS (scalar) | date: 20230812 | time: 165503.848 | complex kind: 4
----------------------------------------------------------------------------
All tests are "PASSING" with compiler "Intel(R) Fortran Compiler for applications running on Intel(R) 64, Version 2023.2.0 Build 20230721" using compiler options "-Ibuild/ifx_AF124F8F3A7E52CB -c -O3 -stand f18 -free -module build/ifx_AF124F8F3A7E52CB -o build/ifx_AF124F8F3A7E52CB/IO-Fortran-Library/test_units_scalar-test-c32.f90.o ".

RUNNING TESTS (scalar) | date: 20230812 | time: 165503.888 | complex kind: 8
----------------------------------------------------------------------------
All tests are "PASSING" with compiler "Intel(R) Fortran Compiler for applications running on Intel(R) 64, Version 2023.2.0 Build 20230721" using compiler options "-Ibuild/ifx_AF124F8F3A7E52CB -c -O3 -stand f18 -free -module build/ifx_AF124F8F3A7E52CB -o build/ifx_AF124F8F3A7E52CB/IO-Fortran-Library/test_units_scalar-test-c64.f90.o ".

RUNNING TESTS (scalar) | date: 20230812 | time: 165503.927 | int kind: 2
------------------------------------------------------------------------
All tests are "PASSING" with compiler "Intel(R) Fortran Compiler for applications running on Intel(R) 64, Version 2023.2.0 Build 20230721" using compiler options "-Ibuild/ifx_AF124F8F3A7E52CB -c -O3 -stand f18 -free -module build/ifx_AF124F8F3A7E52CB -o build/ifx_AF124F8F3A7E52CB/IO-Fortran-Library/test_units_scalar-test-i16.f90.o ".

RUNNING TESTS (scalar) | date: 20230812 | time: 165503.965 | int kind: 4
------------------------------------------------------------------------
All tests are "PASSING" with compiler "Intel(R) Fortran Compiler for applications running on Intel(R) 64, Version 2023.2.0 Build 20230721" using compiler options "-Ibuild/ifx_AF124F8F3A7E52CB -c -O3 -stand f18 -free -module build/ifx_AF124F8F3A7E52CB -o build/ifx_AF124F8F3A7E52CB/IO-Fortran-Library/test_units_scalar-test-i32.f90.o ".

RUNNING TESTS (scalar) | date: 20230812 | time: 165504.002 | int kind: 8
------------------------------------------------------------------------
All tests are "PASSING" with compiler "Intel(R) Fortran Compiler for applications running on Intel(R) 64, Version 2023.2.0 Build 20230721" using compiler options "-Ibuild/ifx_AF124F8F3A7E52CB -c -O3 -stand f18 -free -module build/ifx_AF124F8F3A7E52CB -o build/ifx_AF124F8F3A7E52CB/IO-Fortran-Library/test_units_scalar-test-i64.f90.o ".

RUNNING TESTS (scalar) | date: 20230812 | time: 165504.040 | int kind: 1
------------------------------------------------------------------------
All tests are "PASSING" with compiler "Intel(R) Fortran Compiler for applications running on Intel(R) 64, Version 2023.2.0 Build 20230721" using compiler options "-Ibuild/ifx_AF124F8F3A7E52CB -c -O3 -stand f18 -free -module build/ifx_AF124F8F3A7E52CB -o build/ifx_AF124F8F3A7E52CB/IO-Fortran-Library/test_units_scalar-test-i8.f90.o ".

RUNNING TESTS (scalar) | date: 20230812 | time: 165504.078 | real kind: 16
--------------------------------------------------------------------------
All tests are "PASSING" with compiler "Intel(R) Fortran Compiler for applications running on Intel(R) 64, Version 2023.2.0 Build 20230721" using compiler options "-Ibuild/ifx_AF124F8F3A7E52CB -c -O3 -stand f18 -free -module build/ifx_AF124F8F3A7E52CB -o build/ifx_AF124F8F3A7E52CB/IO-Fortran-Library/test_units_scalar-test-r128.f90.o ".

RUNNING TESTS (scalar) | date: 20230812 | time: 165504.117 | real kind: 4
-------------------------------------------------------------------------
All tests are "PASSING" with compiler "Intel(R) Fortran Compiler for applications running on Intel(R) 64, Version 2023.2.0 Build 20230721" using compiler options "-Ibuild/ifx_AF124F8F3A7E52CB -c -O3 -stand f18 -free -module build/ifx_AF124F8F3A7E52CB -o build/ifx_AF124F8F3A7E52CB/IO-Fortran-Library/test_units_scalar-test-r32.f90.o ".

RUNNING TESTS (scalar) | date: 20230812 | time: 165504.154 | real kind: 8
-------------------------------------------------------------------------
All tests are "PASSING" with compiler "Intel(R) Fortran Compiler for applications running on Intel(R) 64, Version 2023.2.0 Build 20230721" using compiler options "-Ibuild/ifx_AF124F8F3A7E52CB -c -O3 -stand f18 -free -module build/ifx_AF124F8F3A7E52CB -o build/ifx_AF124F8F3A7E52CB/IO-Fortran-Library/test_units_scalar-test-r64.f90.o ".

RUNNING TESTS (array) | date: 20230812 | time: 165548.111 | complex kind: 16
----------------------------------------------------------------------------
All tests are "PASSING" with compiler "Intel(R) Fortran Intel(R) 64 Compiler Classic for applications running on Intel(R) 64, Version 2021.10.0 Build 20230609_000000" using compiler options "-Ibuild/ifort_64365A593998FE80 -c -warn all -check all -error-limit 1 -O0 -g -assume byterecl -traceback -free -module build/ifort_64365A593998FE80 -o build/ifort_64365A593998FE80/IO-Fortran-Library/test_units_array-test-c128.f90.o".

RUNNING TESTS (array) | date: 20230812 | time: 165548.651 | complex kind: 4
---------------------------------------------------------------------------
All tests are "PASSING" with compiler "Intel(R) Fortran Intel(R) 64 Compiler Classic for applications running on Intel(R) 64, Version 2021.10.0 Build 20230609_000000" using compiler options "-Ibuild/ifort_64365A593998FE80 -c -warn all -check all -error-limit 1 -O0 -g -assume byterecl -traceback -free -module build/ifort_64365A593998FE80 -o build/ifort_64365A593998FE80/IO-Fortran-Library/test_units_array-test-c32.f90.o".

RUNNING TESTS (array) | date: 20230812 | time: 165548.944 | complex kind: 8
---------------------------------------------------------------------------
All tests are "PASSING" with compiler "Intel(R) Fortran Intel(R) 64 Compiler Classic for applications running on Intel(R) 64, Version 2021.10.0 Build 20230609_000000" using compiler options "-Ibuild/ifort_64365A593998FE80 -c -warn all -check all -error-limit 1 -O0 -g -assume byterecl -traceback -free -module build/ifort_64365A593998FE80 -o build/ifort_64365A593998FE80/IO-Fortran-Library/test_units_array-test-c64.f90.o".

RUNNING TESTS (array) | date: 20230812 | time: 165549.254 | int kind: 2
-----------------------------------------------------------------------
All tests are "PASSING" with compiler "Intel(R) Fortran Intel(R) 64 Compiler Classic for applications running on Intel(R) 64, Version 2021.10.0 Build 20230609_000000" using compiler options "-Ibuild/ifort_64365A593998FE80 -c -warn all -check all -error-limit 1 -O0 -g -assume byterecl -traceback -free -module build/ifort_64365A593998FE80 -o build/ifort_64365A593998FE80/IO-Fortran-Library/test_units_array-test-i16.f90.o".

RUNNING TESTS (array) | date: 20230812 | time: 165549.320 | int kind: 4
-----------------------------------------------------------------------
All tests are "PASSING" with compiler "Intel(R) Fortran Intel(R) 64 Compiler Classic for applications running on Intel(R) 64, Version 2021.10.0 Build 20230609_000000" using compiler options "-Ibuild/ifort_64365A593998FE80 -c -warn all -check all -error-limit 1 -O0 -g -assume byterecl -traceback -free -module build/ifort_64365A593998FE80 -o build/ifort_64365A593998FE80/IO-Fortran-Library/test_units_array-test-i32.f90.o".

RUNNING TESTS (array) | date: 20230812 | time: 165549.384 | int kind: 8
-----------------------------------------------------------------------
All tests are "PASSING" with compiler "Intel(R) Fortran Intel(R) 64 Compiler Classic for applications running on Intel(R) 64, Version 2021.10.0 Build 20230609_000000" using compiler options "-Ibuild/ifort_64365A593998FE80 -c -warn all -check all -error-limit 1 -O0 -g -assume byterecl -traceback -free -module build/ifort_64365A593998FE80 -o build/ifort_64365A593998FE80/IO-Fortran-Library/test_units_array-test-i64.f90.o".

RUNNING TESTS (array) | date: 20230812 | time: 165549.451 | int kind: 1
-----------------------------------------------------------------------
All tests are "PASSING" with compiler "Intel(R) Fortran Intel(R) 64 Compiler Classic for applications running on Intel(R) 64, Version 2021.10.0 Build 20230609_000000" using compiler options "-Ibuild/ifort_64365A593998FE80 -c -warn all -check all -error-limit 1 -O0 -g -assume byterecl -traceback -free -module build/ifort_64365A593998FE80 -o build/ifort_64365A593998FE80/IO-Fortran-Library/test_units_array-test-i8.f90.o".

RUNNING TESTS (array) | date: 20230812 | time: 165549.516 | real kind: 16
-------------------------------------------------------------------------
All tests are "PASSING" with compiler "Intel(R) Fortran Intel(R) 64 Compiler Classic for applications running on Intel(R) 64, Version 2021.10.0 Build 20230609_000000" using compiler options "-Ibuild/ifort_64365A593998FE80 -c -warn all -check all -error-limit 1 -O0 -g -assume byterecl -traceback -free -module build/ifort_64365A593998FE80 -o build/ifort_64365A593998FE80/IO-Fortran-Library/test_units_array-test-r128.f90.o".

RUNNING TESTS (array) | date: 20230812 | time: 165549.651 | real kind: 4
------------------------------------------------------------------------
All tests are "PASSING" with compiler "Intel(R) Fortran Intel(R) 64 Compiler Classic for applications running on Intel(R) 64, Version 2021.10.0 Build 20230609_000000" using compiler options "-Ibuild/ifort_64365A593998FE80 -c -warn all -check all -error-limit 1 -O0 -g -assume byterecl -traceback -free -module build/ifort_64365A593998FE80 -o build/ifort_64365A593998FE80/IO-Fortran-Library/test_units_array-test-r32.f90.o".

RUNNING TESTS (array) | date: 20230812 | time: 165549.744 | real kind: 8
------------------------------------------------------------------------
All tests are "PASSING" with compiler "Intel(R) Fortran Intel(R) 64 Compiler Classic for applications running on Intel(R) 64, Version 2021.10.0 Build 20230609_000000" using compiler options "-Ibuild/ifort_64365A593998FE80 -c -warn all -check all -error-limit 1 -O0 -g -assume byterecl -traceback -free -module build/ifort_64365A593998FE80 -o build/ifort_64365A593998FE80/IO-Fortran-Library/test_units_array-test-r64.f90.o".

RUNNING TESTS (array) | date: 20230812 | time: 165550.122 | int kind: 2
-----------------------------------------------------------------------
All tests are "PASSING" with compiler "Intel(R) Fortran Intel(R) 64 Compiler Classic for applications running on Intel(R) 64, Version 2021.10.0 Build 20230609_000000" using compiler options "-Ibuild/ifort_64365A593998FE80 -c -warn all -check all -error-limit 1 -O0 -g -assume byterecl -traceback -free -module build/ifort_64365A593998FE80 -o build/ifort_64365A593998FE80/IO-Fortran-Library/test_units_file-test-i16.f90.o".

RUNNING TESTS (array) | date: 20230812 | time: 165550.577 | int kind: 4
-----------------------------------------------------------------------
All tests are "PASSING" with compiler "Intel(R) Fortran Intel(R) 64 Compiler Classic for applications running on Intel(R) 64, Version 2021.10.0 Build 20230609_000000" using compiler options "-Ibuild/ifort_64365A593998FE80 -c -warn all -check all -error-limit 1 -O0 -g -assume byterecl -traceback -free -module build/ifort_64365A593998FE80 -o build/ifort_64365A593998FE80/IO-Fortran-Library/test_units_file-test-i32.f90.o".

RUNNING TESTS (array) | date: 20230812 | time: 165551.045 | int kind: 8
-----------------------------------------------------------------------
All tests are "PASSING" with compiler "Intel(R) Fortran Intel(R) 64 Compiler Classic for applications running on Intel(R) 64, Version 2021.10.0 Build 20230609_000000" using compiler options "-Ibuild/ifort_64365A593998FE80 -c -warn all -check all -error-limit 1 -O0 -g -assume byterecl -traceback -free -module build/ifort_64365A593998FE80 -o build/ifort_64365A593998FE80/IO-Fortran-Library/test_units_file-test-i64.f90.o".

RUNNING TESTS (array) | date: 20230812 | time: 165551.563 | int kind: 1
-----------------------------------------------------------------------
All tests are "PASSING" with compiler "Intel(R) Fortran Intel(R) 64 Compiler Classic for applications running on Intel(R) 64, Version 2021.10.0 Build 20230609_000000" using compiler options "-Ibuild/ifort_64365A593998FE80 -c -warn all -check all -error-limit 1 -O0 -g -assume byterecl -traceback -free -module build/ifort_64365A593998FE80 -o build/ifort_64365A593998FE80/IO-Fortran-Library/test_units_file-test-i8.f90.o".

RUNNING TESTS (array) | date: 20230812 | time: 165552.008 | real kind: 16
-------------------------------------------------------------------------
All tests are "PASSING" with compiler "Intel(R) Fortran Intel(R) 64 Compiler Classic for applications running on Intel(R) 64, Version 2021.10.0 Build 20230609_000000" using compiler options "-Ibuild/ifort_64365A593998FE80 -c -warn all -check all -error-limit 1 -O0 -g -assume byterecl -traceback -free -module build/ifort_64365A593998FE80 -o build/ifort_64365A593998FE80/IO-Fortran-Library/test_units_file-test-r128.f90.o".

RUNNING TESTS (array) | date: 20230812 | time: 165553.345 | real kind: 4
------------------------------------------------------------------------
All tests are "PASSING" with compiler "Intel(R) Fortran Intel(R) 64 Compiler Classic for applications running on Intel(R) 64, Version 2021.10.0 Build 20230609_000000" using compiler options "-Ibuild/ifort_64365A593998FE80 -c -warn all -check all -error-limit 1 -O0 -g -assume byterecl -traceback -free -module build/ifort_64365A593998FE80 -o build/ifort_64365A593998FE80/IO-Fortran-Library/test_units_file-test-r32.f90.o".

RUNNING TESTS (array) | date: 20230812 | time: 165554.217 | real kind: 8
------------------------------------------------------------------------
All tests are "PASSING" with compiler "Intel(R) Fortran Intel(R) 64 Compiler Classic for applications running on Intel(R) 64, Version 2021.10.0 Build 20230609_000000" using compiler options "-Ibuild/ifort_64365A593998FE80 -c -warn all -check all -error-limit 1 -O0 -g -assume byterecl -traceback -free -module build/ifort_64365A593998FE80 -o build/ifort_64365A593998FE80/IO-Fortran-Library/test_units_file-test-r64.f90.o".

RUNNING TESTS (scalar) | date: 20230812 | time: 165555.173 | complex kind: 16
-----------------------------------------------------------------------------
All tests are "PASSING" with compiler "Intel(R) Fortran Intel(R) 64 Compiler Classic for applications running on Intel(R) 64, Version 2021.10.0 Build 20230609_000000" using compiler options "-Ibuild/ifort_64365A593998FE80 -c -warn all -check all -error-limit 1 -O0 -g -assume byterecl -traceback -free -module build/ifort_64365A593998FE80 -o build/ifort_64365A593998FE80/IO-Fortran-Library/test_units_scalar-test-c128.f90.o".

RUNNING TESTS (scalar) | date: 20230812 | time: 165555.240 | complex kind: 4
----------------------------------------------------------------------------
All tests are "PASSING" with compiler "Intel(R) Fortran Intel(R) 64 Compiler Classic for applications running on Intel(R) 64, Version 2021.10.0 Build 20230609_000000" using compiler options "-Ibuild/ifort_64365A593998FE80 -c -warn all -check all -error-limit 1 -O0 -g -assume byterecl -traceback -free -module build/ifort_64365A593998FE80 -o build/ifort_64365A593998FE80/IO-Fortran-Library/test_units_scalar-test-c32.f90.o".

RUNNING TESTS (scalar) | date: 20230812 | time: 165555.312 | complex kind: 8
----------------------------------------------------------------------------
All tests are "PASSING" with compiler "Intel(R) Fortran Intel(R) 64 Compiler Classic for applications running on Intel(R) 64, Version 2021.10.0 Build 20230609_000000" using compiler options "-Ibuild/ifort_64365A593998FE80 -c -warn all -check all -error-limit 1 -O0 -g -assume byterecl -traceback -free -module build/ifort_64365A593998FE80 -o build/ifort_64365A593998FE80/IO-Fortran-Library/test_units_scalar-test-c64.f90.o".

RUNNING TESTS (scalar) | date: 20230812 | time: 165555.376 | int kind: 2
------------------------------------------------------------------------
All tests are "PASSING" with compiler "Intel(R) Fortran Intel(R) 64 Compiler Classic for applications running on Intel(R) 64, Version 2021.10.0 Build 20230609_000000" using compiler options "-Ibuild/ifort_64365A593998FE80 -c -warn all -check all -error-limit 1 -O0 -g -assume byterecl -traceback -free -module build/ifort_64365A593998FE80 -o build/ifort_64365A593998FE80/IO-Fortran-Library/test_units_scalar-test-i16.f90.o".

RUNNING TESTS (scalar) | date: 20230812 | time: 165555.430 | int kind: 4
------------------------------------------------------------------------
All tests are "PASSING" with compiler "Intel(R) Fortran Intel(R) 64 Compiler Classic for applications running on Intel(R) 64, Version 2021.10.0 Build 20230609_000000" using compiler options "-Ibuild/ifort_64365A593998FE80 -c -warn all -check all -error-limit 1 -O0 -g -assume byterecl -traceback -free -module build/ifort_64365A593998FE80 -o build/ifort_64365A593998FE80/IO-Fortran-Library/test_units_scalar-test-i32.f90.o".

RUNNING TESTS (scalar) | date: 20230812 | time: 165555.488 | int kind: 8
------------------------------------------------------------------------
All tests are "PASSING" with compiler "Intel(R) Fortran Intel(R) 64 Compiler Classic for applications running on Intel(R) 64, Version 2021.10.0 Build 20230609_000000" using compiler options "-Ibuild/ifort_64365A593998FE80 -c -warn all -check all -error-limit 1 -O0 -g -assume byterecl -traceback -free -module build/ifort_64365A593998FE80 -o build/ifort_64365A593998FE80/IO-Fortran-Library/test_units_scalar-test-i64.f90.o".

RUNNING TESTS (scalar) | date: 20230812 | time: 165555.546 | int kind: 1
------------------------------------------------------------------------
All tests are "PASSING" with compiler "Intel(R) Fortran Intel(R) 64 Compiler Classic for applications running on Intel(R) 64, Version 2021.10.0 Build 20230609_000000" using compiler options "-Ibuild/ifort_64365A593998FE80 -c -warn all -check all -error-limit 1 -O0 -g -assume byterecl -traceback -free -module build/ifort_64365A593998FE80 -o build/ifort_64365A593998FE80/IO-Fortran-Library/test_units_scalar-test-i8.f90.o".

RUNNING TESTS (scalar) | date: 20230812 | time: 165555.600 | real kind: 16
--------------------------------------------------------------------------
All tests are "PASSING" with compiler "Intel(R) Fortran Intel(R) 64 Compiler Classic for applications running on Intel(R) 64, Version 2021.10.0 Build 20230609_000000" using compiler options "-Ibuild/ifort_64365A593998FE80 -c -warn all -check all -error-limit 1 -O0 -g -assume byterecl -traceback -free -module build/ifort_64365A593998FE80 -o build/ifort_64365A593998FE80/IO-Fortran-Library/test_units_scalar-test-r128.f90.o".

RUNNING TESTS (scalar) | date: 20230812 | time: 165555.657 | real kind: 4
-------------------------------------------------------------------------
All tests are "PASSING" with compiler "Intel(R) Fortran Intel(R) 64 Compiler Classic for applications running on Intel(R) 64, Version 2021.10.0 Build 20230609_000000" using compiler options "-Ibuild/ifort_64365A593998FE80 -c -warn all -check all -error-limit 1 -O0 -g -assume byterecl -traceback -free -module build/ifort_64365A593998FE80 -o build/ifort_64365A593998FE80/IO-Fortran-Library/test_units_scalar-test-r32.f90.o".

RUNNING TESTS (scalar) | date: 20230812 | time: 165555.717 | real kind: 8
-------------------------------------------------------------------------
All tests are "PASSING" with compiler "Intel(R) Fortran Intel(R) 64 Compiler Classic for applications running on Intel(R) 64, Version 2021.10.0 Build 20230609_000000" using compiler options "-Ibuild/ifort_64365A593998FE80 -c -warn all -check all -error-limit 1 -O0 -g -assume byterecl -traceback -free -module build/ifort_64365A593998FE80 -o build/ifort_64365A593998FE80/IO-Fortran-Library/test_units_scalar-test-r64.f90.o".

RUNNING TESTS (array) | date: 20230812 | time: 165755.272 | complex kind: 16
----------------------------------------------------------------------------
All tests are "PASSING" with compiler "Intel(R) Fortran Intel(R) 64 Compiler Classic for applications running on Intel(R) 64, Version 2021.10.0 Build 20230609_000000" using compiler options "-Ibuild/ifort_AF124F8F3A7E52CB -c -O3 -stand f18 -free -module build/ifort_AF124F8F3A7E52CB -o build/ifort_AF124F8F3A7E52CB/IO-Fortran-Library/test_units_array-test-c128.f90.o".

RUNNING TESTS (array) | date: 20230812 | time: 165755.652 | complex kind: 4
---------------------------------------------------------------------------
All tests are "PASSING" with compiler "Intel(R) Fortran Intel(R) 64 Compiler Classic for applications running on Intel(R) 64, Version 2021.10.0 Build 20230609_000000" using compiler options "-Ibuild/ifort_AF124F8F3A7E52CB -c -O3 -stand f18 -free -module build/ifort_AF124F8F3A7E52CB -o build/ifort_AF124F8F3A7E52CB/IO-Fortran-Library/test_units_array-test-c32.f90.o".

RUNNING TESTS (array) | date: 20230812 | time: 165755.807 | complex kind: 8
---------------------------------------------------------------------------
All tests are "PASSING" with compiler "Intel(R) Fortran Intel(R) 64 Compiler Classic for applications running on Intel(R) 64, Version 2021.10.0 Build 20230609_000000" using compiler options "-Ibuild/ifort_AF124F8F3A7E52CB -c -O3 -stand f18 -free -module build/ifort_AF124F8F3A7E52CB -o build/ifort_AF124F8F3A7E52CB/IO-Fortran-Library/test_units_array-test-c64.f90.o".

RUNNING TESTS (array) | date: 20230812 | time: 165755.987 | int kind: 2
-----------------------------------------------------------------------
All tests are "PASSING" with compiler "Intel(R) Fortran Intel(R) 64 Compiler Classic for applications running on Intel(R) 64, Version 2021.10.0 Build 20230609_000000" using compiler options "-Ibuild/ifort_AF124F8F3A7E52CB -c -O3 -stand f18 -free -module build/ifort_AF124F8F3A7E52CB -o build/ifort_AF124F8F3A7E52CB/IO-Fortran-Library/test_units_array-test-i16.f90.o".

RUNNING TESTS (array) | date: 20230812 | time: 165756.040 | int kind: 4
-----------------------------------------------------------------------
All tests are "PASSING" with compiler "Intel(R) Fortran Intel(R) 64 Compiler Classic for applications running on Intel(R) 64, Version 2021.10.0 Build 20230609_000000" using compiler options "-Ibuild/ifort_AF124F8F3A7E52CB -c -O3 -stand f18 -free -module build/ifort_AF124F8F3A7E52CB -o build/ifort_AF124F8F3A7E52CB/IO-Fortran-Library/test_units_array-test-i32.f90.o".

RUNNING TESTS (array) | date: 20230812 | time: 165756.091 | int kind: 8
-----------------------------------------------------------------------
All tests are "PASSING" with compiler "Intel(R) Fortran Intel(R) 64 Compiler Classic for applications running on Intel(R) 64, Version 2021.10.0 Build 20230609_000000" using compiler options "-Ibuild/ifort_AF124F8F3A7E52CB -c -O3 -stand f18 -free -module build/ifort_AF124F8F3A7E52CB -o build/ifort_AF124F8F3A7E52CB/IO-Fortran-Library/test_units_array-test-i64.f90.o".

RUNNING TESTS (array) | date: 20230812 | time: 165756.143 | int kind: 1
-----------------------------------------------------------------------
All tests are "PASSING" with compiler "Intel(R) Fortran Intel(R) 64 Compiler Classic for applications running on Intel(R) 64, Version 2021.10.0 Build 20230609_000000" using compiler options "-Ibuild/ifort_AF124F8F3A7E52CB -c -O3 -stand f18 -free -module build/ifort_AF124F8F3A7E52CB -o build/ifort_AF124F8F3A7E52CB/IO-Fortran-Library/test_units_array-test-i8.f90.o".

RUNNING TESTS (array) | date: 20230812 | time: 165756.194 | real kind: 16
-------------------------------------------------------------------------
All tests are "PASSING" with compiler "Intel(R) Fortran Intel(R) 64 Compiler Classic for applications running on Intel(R) 64, Version 2021.10.0 Build 20230609_000000" using compiler options "-Ibuild/ifort_AF124F8F3A7E52CB -c -O3 -stand f18 -free -module build/ifort_AF124F8F3A7E52CB -o build/ifort_AF124F8F3A7E52CB/IO-Fortran-Library/test_units_array-test-r128.f90.o".

RUNNING TESTS (array) | date: 20230812 | time: 165756.298 | real kind: 4
------------------------------------------------------------------------
All tests are "PASSING" with compiler "Intel(R) Fortran Intel(R) 64 Compiler Classic for applications running on Intel(R) 64, Version 2021.10.0 Build 20230609_000000" using compiler options "-Ibuild/ifort_AF124F8F3A7E52CB -c -O3 -stand f18 -free -module build/ifort_AF124F8F3A7E52CB -o build/ifort_AF124F8F3A7E52CB/IO-Fortran-Library/test_units_array-test-r32.f90.o".

RUNNING TESTS (array) | date: 20230812 | time: 165756.365 | real kind: 8
------------------------------------------------------------------------
All tests are "PASSING" with compiler "Intel(R) Fortran Intel(R) 64 Compiler Classic for applications running on Intel(R) 64, Version 2021.10.0 Build 20230609_000000" using compiler options "-Ibuild/ifort_AF124F8F3A7E52CB -c -O3 -stand f18 -free -module build/ifort_AF124F8F3A7E52CB -o build/ifort_AF124F8F3A7E52CB/IO-Fortran-Library/test_units_array-test-r64.f90.o".

RUNNING TESTS (array) | date: 20230812 | time: 165756.675 | int kind: 2
-----------------------------------------------------------------------
All tests are "PASSING" with compiler "Intel(R) Fortran Intel(R) 64 Compiler Classic for applications running on Intel(R) 64, Version 2021.10.0 Build 20230609_000000" using compiler options "-Ibuild/ifort_AF124F8F3A7E52CB -c -O3 -stand f18 -free -module build/ifort_AF124F8F3A7E52CB -o build/ifort_AF124F8F3A7E52CB/IO-Fortran-Library/test_units_file-test-i16.f90.o".

RUNNING TESTS (array) | date: 20230812 | time: 165757.035 | int kind: 4
-----------------------------------------------------------------------
All tests are "PASSING" with compiler "Intel(R) Fortran Intel(R) 64 Compiler Classic for applications running on Intel(R) 64, Version 2021.10.0 Build 20230609_000000" using compiler options "-Ibuild/ifort_AF124F8F3A7E52CB -c -O3 -stand f18 -free -module build/ifort_AF124F8F3A7E52CB -o build/ifort_AF124F8F3A7E52CB/IO-Fortran-Library/test_units_file-test-i32.f90.o".

RUNNING TESTS (array) | date: 20230812 | time: 165757.407 | int kind: 8
-----------------------------------------------------------------------
All tests are "PASSING" with compiler "Intel(R) Fortran Intel(R) 64 Compiler Classic for applications running on Intel(R) 64, Version 2021.10.0 Build 20230609_000000" using compiler options "-Ibuild/ifort_AF124F8F3A7E52CB -c -O3 -stand f18 -free -module build/ifort_AF124F8F3A7E52CB -o build/ifort_AF124F8F3A7E52CB/IO-Fortran-Library/test_units_file-test-i64.f90.o".

RUNNING TESTS (array) | date: 20230812 | time: 165757.794 | int kind: 1
-----------------------------------------------------------------------
All tests are "PASSING" with compiler "Intel(R) Fortran Intel(R) 64 Compiler Classic for applications running on Intel(R) 64, Version 2021.10.0 Build 20230609_000000" using compiler options "-Ibuild/ifort_AF124F8F3A7E52CB -c -O3 -stand f18 -free -module build/ifort_AF124F8F3A7E52CB -o build/ifort_AF124F8F3A7E52CB/IO-Fortran-Library/test_units_file-test-i8.f90.o".

RUNNING TESTS (array) | date: 20230812 | time: 165758.144 | real kind: 16
-------------------------------------------------------------------------
All tests are "PASSING" with compiler "Intel(R) Fortran Intel(R) 64 Compiler Classic for applications running on Intel(R) 64, Version 2021.10.0 Build 20230609_000000" using compiler options "-Ibuild/ifort_AF124F8F3A7E52CB -c -O3 -stand f18 -free -module build/ifort_AF124F8F3A7E52CB -o build/ifort_AF124F8F3A7E52CB/IO-Fortran-Library/test_units_file-test-r128.f90.o".

RUNNING TESTS (array) | date: 20230812 | time: 165759.193 | real kind: 4
------------------------------------------------------------------------
All tests are "PASSING" with compiler "Intel(R) Fortran Intel(R) 64 Compiler Classic for applications running on Intel(R) 64, Version 2021.10.0 Build 20230609_000000" using compiler options "-Ibuild/ifort_AF124F8F3A7E52CB -c -O3 -stand f18 -free -module build/ifort_AF124F8F3A7E52CB -o build/ifort_AF124F8F3A7E52CB/IO-Fortran-Library/test_units_file-test-r32.f90.o".

RUNNING TESTS (array) | date: 20230812 | time: 165759.894 | real kind: 8
------------------------------------------------------------------------
All tests are "PASSING" with compiler "Intel(R) Fortran Intel(R) 64 Compiler Classic for applications running on Intel(R) 64, Version 2021.10.0 Build 20230609_000000" using compiler options "-Ibuild/ifort_AF124F8F3A7E52CB -c -O3 -stand f18 -free -module build/ifort_AF124F8F3A7E52CB -o build/ifort_AF124F8F3A7E52CB/IO-Fortran-Library/test_units_file-test-r64.f90.o".

RUNNING TESTS (scalar) | date: 20230812 | time: 165800.634 | complex kind: 16
-----------------------------------------------------------------------------
All tests are "PASSING" with compiler "Intel(R) Fortran Intel(R) 64 Compiler Classic for applications running on Intel(R) 64, Version 2021.10.0 Build 20230609_000000" using compiler options "-Ibuild/ifort_AF124F8F3A7E52CB -c -O3 -stand f18 -free -module build/ifort_AF124F8F3A7E52CB -o build/ifort_AF124F8F3A7E52CB/IO-Fortran-Library/test_units_scalar-test-c128.f90.o".

RUNNING TESTS (scalar) | date: 20230812 | time: 165800.683 | complex kind: 4
----------------------------------------------------------------------------
All tests are "PASSING" with compiler "Intel(R) Fortran Intel(R) 64 Compiler Classic for applications running on Intel(R) 64, Version 2021.10.0 Build 20230609_000000" using compiler options "-Ibuild/ifort_AF124F8F3A7E52CB -c -O3 -stand f18 -free -module build/ifort_AF124F8F3A7E52CB -o build/ifort_AF124F8F3A7E52CB/IO-Fortran-Library/test_units_scalar-test-c32.f90.o".

RUNNING TESTS (scalar) | date: 20230812 | time: 165800.733 | complex kind: 8
----------------------------------------------------------------------------
All tests are "PASSING" with compiler "Intel(R) Fortran Intel(R) 64 Compiler Classic for applications running on Intel(R) 64, Version 2021.10.0 Build 20230609_000000" using compiler options "-Ibuild/ifort_AF124F8F3A7E52CB -c -O3 -stand f18 -free -module build/ifort_AF124F8F3A7E52CB -o build/ifort_AF124F8F3A7E52CB/IO-Fortran-Library/test_units_scalar-test-c64.f90.o".

RUNNING TESTS (scalar) | date: 20230812 | time: 165800.783 | int kind: 2
------------------------------------------------------------------------
All tests are "PASSING" with compiler "Intel(R) Fortran Intel(R) 64 Compiler Classic for applications running on Intel(R) 64, Version 2021.10.0 Build 20230609_000000" using compiler options "-Ibuild/ifort_AF124F8F3A7E52CB -c -O3 -stand f18 -free -module build/ifort_AF124F8F3A7E52CB -o build/ifort_AF124F8F3A7E52CB/IO-Fortran-Library/test_units_scalar-test-i16.f90.o".

RUNNING TESTS (scalar) | date: 20230812 | time: 165800.829 | int kind: 4
------------------------------------------------------------------------
All tests are "PASSING" with compiler "Intel(R) Fortran Intel(R) 64 Compiler Classic for applications running on Intel(R) 64, Version 2021.10.0 Build 20230609_000000" using compiler options "-Ibuild/ifort_AF124F8F3A7E52CB -c -O3 -stand f18 -free -module build/ifort_AF124F8F3A7E52CB -o build/ifort_AF124F8F3A7E52CB/IO-Fortran-Library/test_units_scalar-test-i32.f90.o".

RUNNING TESTS (scalar) | date: 20230812 | time: 165800.874 | int kind: 8
------------------------------------------------------------------------
All tests are "PASSING" with compiler "Intel(R) Fortran Intel(R) 64 Compiler Classic for applications running on Intel(R) 64, Version 2021.10.0 Build 20230609_000000" using compiler options "-Ibuild/ifort_AF124F8F3A7E52CB -c -O3 -stand f18 -free -module build/ifort_AF124F8F3A7E52CB -o build/ifort_AF124F8F3A7E52CB/IO-Fortran-Library/test_units_scalar-test-i64.f90.o".

RUNNING TESTS (scalar) | date: 20230812 | time: 165800.917 | int kind: 1
------------------------------------------------------------------------
All tests are "PASSING" with compiler "Intel(R) Fortran Intel(R) 64 Compiler Classic for applications running on Intel(R) 64, Version 2021.10.0 Build 20230609_000000" using compiler options "-Ibuild/ifort_AF124F8F3A7E52CB -c -O3 -stand f18 -free -module build/ifort_AF124F8F3A7E52CB -o build/ifort_AF124F8F3A7E52CB/IO-Fortran-Library/test_units_scalar-test-i8.f90.o".

RUNNING TESTS (scalar) | date: 20230812 | time: 165800.962 | real kind: 16
--------------------------------------------------------------------------
All tests are "PASSING" with compiler "Intel(R) Fortran Intel(R) 64 Compiler Classic for applications running on Intel(R) 64, Version 2021.10.0 Build 20230609_000000" using compiler options "-Ibuild/ifort_AF124F8F3A7E52CB -c -O3 -stand f18 -free -module build/ifort_AF124F8F3A7E52CB -o build/ifort_AF124F8F3A7E52CB/IO-Fortran-Library/test_units_scalar-test-r128.f90.o".

RUNNING TESTS (scalar) | date: 20230812 | time: 165801.010 | real kind: 4
-------------------------------------------------------------------------
All tests are "PASSING" with compiler "Intel(R) Fortran Intel(R) 64 Compiler Classic for applications running on Intel(R) 64, Version 2021.10.0 Build 20230609_000000" using compiler options "-Ibuild/ifort_AF124F8F3A7E52CB -c -O3 -stand f18 -free -module build/ifort_AF124F8F3A7E52CB -o build/ifort_AF124F8F3A7E52CB/IO-Fortran-Library/test_units_scalar-test-r32.f90.o".

RUNNING TESTS (scalar) | date: 20230812 | time: 165801.056 | real kind: 8
-------------------------------------------------------------------------
All tests are "PASSING" with compiler "Intel(R) Fortran Intel(R) 64 Compiler Classic for applications running on Intel(R) 64, Version 2021.10.0 Build 20230609_000000" using compiler options "-Ibuild/ifort_AF124F8F3A7E52CB -c -O3 -stand f18 -free -module build/ifort_AF124F8F3A7E52CB -o build/ifort_AF124F8F3A7E52CB/IO-Fortran-Library/test_units_scalar-test-r64.f90.o".

RUNNING TESTS (array) | date: 20230812 | time: 180745.227 | complex kind: 16
----------------------------------------------------------------------------
All tests are "PASSING" with compiler "GCC version 12.3.1 20230508 (Red Hat 12.3.1-1)" using compiler options "-I build/gfortran_020AF3609BFD7C6D -mtune=generic -march=x86-64 -g -Wall -Wextra -Werror=implicit-interface -fPIC -fmax-errors=1 -fbounds-check -fcheck=array-temps -fbacktrace -fcoarray=single -fimplicit-none -ffree-form -J build/gfortran_020AF3609BFD7C6D -fpre-include=/usr/include/finclude/math-vector-fortran.h".

RUNNING TESTS (array) | date: 20230812 | time: 180745.632 | complex kind: 4
---------------------------------------------------------------------------
All tests are "PASSING" with compiler "GCC version 12.3.1 20230508 (Red Hat 12.3.1-1)" using compiler options "-I build/gfortran_020AF3609BFD7C6D -mtune=generic -march=x86-64 -g -Wall -Wextra -Werror=implicit-interface -fPIC -fmax-errors=1 -fbounds-check -fcheck=array-temps -fbacktrace -fcoarray=single -fimplicit-none -ffree-form -J build/gfortran_020AF3609BFD7C6D -fpre-include=/usr/include/finclude/math-vector-fortran.h".

RUNNING TESTS (array) | date: 20230812 | time: 180745.830 | complex kind: 8
---------------------------------------------------------------------------
All tests are "PASSING" with compiler "GCC version 12.3.1 20230508 (Red Hat 12.3.1-1)" using compiler options "-I build/gfortran_020AF3609BFD7C6D -mtune=generic -march=x86-64 -g -Wall -Wextra -Werror=implicit-interface -fPIC -fmax-errors=1 -fbounds-check -fcheck=array-temps -fbacktrace -fcoarray=single -fimplicit-none -ffree-form -J build/gfortran_020AF3609BFD7C6D -fpre-include=/usr/include/finclude/math-vector-fortran.h".

RUNNING TESTS (array) | date: 20230812 | time: 180746.050 | int kind: 2
-----------------------------------------------------------------------
All tests are "PASSING" with compiler "GCC version 12.3.1 20230508 (Red Hat 12.3.1-1)" using compiler options "-I build/gfortran_020AF3609BFD7C6D -mtune=generic -march=x86-64 -g -Wall -Wextra -Werror=implicit-interface -fPIC -fmax-errors=1 -fbounds-check -fcheck=array-temps -fbacktrace -fcoarray=single -fimplicit-none -ffree-form -J build/gfortran_020AF3609BFD7C6D -fpre-include=/usr/include/finclude/math-vector-fortran.h".

RUNNING TESTS (array) | date: 20230812 | time: 180746.086 | int kind: 4
-----------------------------------------------------------------------
All tests are "PASSING" with compiler "GCC version 12.3.1 20230508 (Red Hat 12.3.1-1)" using compiler options "-I build/gfortran_020AF3609BFD7C6D -mtune=generic -march=x86-64 -g -Wall -Wextra -Werror=implicit-interface -fPIC -fmax-errors=1 -fbounds-check -fcheck=array-temps -fbacktrace -fcoarray=single -fimplicit-none -ffree-form -J build/gfortran_020AF3609BFD7C6D -fpre-include=/usr/include/finclude/math-vector-fortran.h".

RUNNING TESTS (array) | date: 20230812 | time: 180746.122 | int kind: 8
-----------------------------------------------------------------------
All tests are "PASSING" with compiler "GCC version 12.3.1 20230508 (Red Hat 12.3.1-1)" using compiler options "-I build/gfortran_020AF3609BFD7C6D -mtune=generic -march=x86-64 -g -Wall -Wextra -Werror=implicit-interface -fPIC -fmax-errors=1 -fbounds-check -fcheck=array-temps -fbacktrace -fcoarray=single -fimplicit-none -ffree-form -J build/gfortran_020AF3609BFD7C6D -fpre-include=/usr/include/finclude/math-vector-fortran.h".

RUNNING TESTS (array) | date: 20230812 | time: 180746.158 | int kind: 1
-----------------------------------------------------------------------
All tests are "PASSING" with compiler "GCC version 12.3.1 20230508 (Red Hat 12.3.1-1)" using compiler options "-I build/gfortran_020AF3609BFD7C6D -mtune=generic -march=x86-64 -g -Wall -Wextra -Werror=implicit-interface -fPIC -fmax-errors=1 -fbounds-check -fcheck=array-temps -fbacktrace -fcoarray=single -fimplicit-none -ffree-form -J build/gfortran_020AF3609BFD7C6D -fpre-include=/usr/include/finclude/math-vector-fortran.h".

RUNNING TESTS (array) | date: 20230812 | time: 180746.192 | real kind: 16
-------------------------------------------------------------------------
All tests are "PASSING" with compiler "GCC version 12.3.1 20230508 (Red Hat 12.3.1-1)" using compiler options "-I build/gfortran_020AF3609BFD7C6D -mtune=generic -march=x86-64 -g -Wall -Wextra -Werror=implicit-interface -fPIC -fmax-errors=1 -fbounds-check -fcheck=array-temps -fbacktrace -fcoarray=single -fimplicit-none -ffree-form -J build/gfortran_020AF3609BFD7C6D -fpre-include=/usr/include/finclude/math-vector-fortran.h".

RUNNING TESTS (array) | date: 20230812 | time: 180746.284 | real kind: 4
------------------------------------------------------------------------
All tests are "PASSING" with compiler "GCC version 12.3.1 20230508 (Red Hat 12.3.1-1)" using compiler options "-I build/gfortran_020AF3609BFD7C6D -mtune=generic -march=x86-64 -g -Wall -Wextra -Werror=implicit-interface -fPIC -fmax-errors=1 -fbounds-check -fcheck=array-temps -fbacktrace -fcoarray=single -fimplicit-none -ffree-form -J build/gfortran_020AF3609BFD7C6D -fpre-include=/usr/include/finclude/math-vector-fortran.h".

RUNNING TESTS (array) | date: 20230812 | time: 180746.345 | real kind: 8
------------------------------------------------------------------------
All tests are "PASSING" with compiler "GCC version 12.3.1 20230508 (Red Hat 12.3.1-1)" using compiler options "-I build/gfortran_020AF3609BFD7C6D -mtune=generic -march=x86-64 -g -Wall -Wextra -Werror=implicit-interface -fPIC -fmax-errors=1 -fbounds-check -fcheck=array-temps -fbacktrace -fcoarray=single -fimplicit-none -ffree-form -J build/gfortran_020AF3609BFD7C6D -fpre-include=/usr/include/finclude/math-vector-fortran.h".

RUNNING TESTS (array) | date: 20230812 | time: 180746.412 | complex kind: 16
----------------------------------------------------------------------------
All tests are "PASSING" with compiler "GCC version 12.3.1 20230508 (Red Hat 12.3.1-1)" using compiler options "-I build/gfortran_020AF3609BFD7C6D -mtune=generic -march=x86-64 -g -Wall -Wextra -Werror=implicit-interface -fPIC -fmax-errors=1 -fbounds-check -fcheck=array-temps -fbacktrace -fcoarray=single -fimplicit-none -ffree-form -J build/gfortran_020AF3609BFD7C6D -fpre-include=/usr/include/finclude/math-vector-fortran.h".

RUNNING TESTS (array) | date: 20230812 | time: 180751.799 | complex kind: 4
---------------------------------------------------------------------------
All tests are "PASSING" with compiler "GCC version 12.3.1 20230508 (Red Hat 12.3.1-1)" using compiler options "-I build/gfortran_020AF3609BFD7C6D -mtune=generic -march=x86-64 -g -Wall -Wextra -Werror=implicit-interface -fPIC -fmax-errors=1 -fbounds-check -fcheck=array-temps -fbacktrace -fcoarray=single -fimplicit-none -ffree-form -J build/gfortran_020AF3609BFD7C6D -fpre-include=/usr/include/finclude/math-vector-fortran.h".

RUNNING TESTS (array) | date: 20230812 | time: 180755.011 | complex kind: 8
---------------------------------------------------------------------------
All tests are "PASSING" with compiler "GCC version 12.3.1 20230508 (Red Hat 12.3.1-1)" using compiler options "-I build/gfortran_020AF3609BFD7C6D -mtune=generic -march=x86-64 -g -Wall -Wextra -Werror=implicit-interface -fPIC -fmax-errors=1 -fbounds-check -fcheck=array-temps -fbacktrace -fcoarray=single -fimplicit-none -ffree-form -J build/gfortran_020AF3609BFD7C6D -fpre-include=/usr/include/finclude/math-vector-fortran.h".

RUNNING TESTS (array) | date: 20230812 | time: 180758.420 | int kind: 2
-----------------------------------------------------------------------
All tests are "PASSING" with compiler "GCC version 12.3.1 20230508 (Red Hat 12.3.1-1)" using compiler options "-I build/gfortran_020AF3609BFD7C6D -mtune=generic -march=x86-64 -g -Wall -Wextra -Werror=implicit-interface -fPIC -fmax-errors=1 -fbounds-check -fcheck=array-temps -fbacktrace -fcoarray=single -fimplicit-none -ffree-form -J build/gfortran_020AF3609BFD7C6D -fpre-include=/usr/include/finclude/math-vector-fortran.h".

RUNNING TESTS (array) | date: 20230812 | time: 180758.800 | int kind: 4
-----------------------------------------------------------------------
All tests are "PASSING" with compiler "GCC version 12.3.1 20230508 (Red Hat 12.3.1-1)" using compiler options "-I build/gfortran_020AF3609BFD7C6D -mtune=generic -march=x86-64 -g -Wall -Wextra -Werror=implicit-interface -fPIC -fmax-errors=1 -fbounds-check -fcheck=array-temps -fbacktrace -fcoarray=single -fimplicit-none -ffree-form -J build/gfortran_020AF3609BFD7C6D -fpre-include=/usr/include/finclude/math-vector-fortran.h".

RUNNING TESTS (array) | date: 20230812 | time: 180759.185 | int kind: 8
-----------------------------------------------------------------------
All tests are "PASSING" with compiler "GCC version 12.3.1 20230508 (Red Hat 12.3.1-1)" using compiler options "-I build/gfortran_020AF3609BFD7C6D -mtune=generic -march=x86-64 -g -Wall -Wextra -Werror=implicit-interface -fPIC -fmax-errors=1 -fbounds-check -fcheck=array-temps -fbacktrace -fcoarray=single -fimplicit-none -ffree-form -J build/gfortran_020AF3609BFD7C6D -fpre-include=/usr/include/finclude/math-vector-fortran.h".

RUNNING TESTS (array) | date: 20230812 | time: 180759.590 | int kind: 1
-----------------------------------------------------------------------
All tests are "PASSING" with compiler "GCC version 12.3.1 20230508 (Red Hat 12.3.1-1)" using compiler options "-I build/gfortran_020AF3609BFD7C6D -mtune=generic -march=x86-64 -g -Wall -Wextra -Werror=implicit-interface -fPIC -fmax-errors=1 -fbounds-check -fcheck=array-temps -fbacktrace -fcoarray=single -fimplicit-none -ffree-form -J build/gfortran_020AF3609BFD7C6D -fpre-include=/usr/include/finclude/math-vector-fortran.h".

RUNNING TESTS (array) | date: 20230812 | time: 180759.957 | real kind: 16
-------------------------------------------------------------------------
All tests are "PASSING" with compiler "GCC version 12.3.1 20230508 (Red Hat 12.3.1-1)" using compiler options "-I build/gfortran_020AF3609BFD7C6D -mtune=generic -march=x86-64 -g -Wall -Wextra -Werror=implicit-interface -fPIC -fmax-errors=1 -fbounds-check -fcheck=array-temps -fbacktrace -fcoarray=single -fimplicit-none -ffree-form -J build/gfortran_020AF3609BFD7C6D -fpre-include=/usr/include/finclude/math-vector-fortran.h".

RUNNING TESTS (array) | date: 20230812 | time: 180801.093 | real kind: 4
------------------------------------------------------------------------
All tests are "PASSING" with compiler "GCC version 12.3.1 20230508 (Red Hat 12.3.1-1)" using compiler options "-I build/gfortran_020AF3609BFD7C6D -mtune=generic -march=x86-64 -g -Wall -Wextra -Werror=implicit-interface -fPIC -fmax-errors=1 -fbounds-check -fcheck=array-temps -fbacktrace -fcoarray=single -fimplicit-none -ffree-form -J build/gfortran_020AF3609BFD7C6D -fpre-include=/usr/include/finclude/math-vector-fortran.h".

RUNNING TESTS (array) | date: 20230812 | time: 180801.886 | real kind: 8
------------------------------------------------------------------------
All tests are "PASSING" with compiler "GCC version 12.3.1 20230508 (Red Hat 12.3.1-1)" using compiler options "-I build/gfortran_020AF3609BFD7C6D -mtune=generic -march=x86-64 -g -Wall -Wextra -Werror=implicit-interface -fPIC -fmax-errors=1 -fbounds-check -fcheck=array-temps -fbacktrace -fcoarray=single -fimplicit-none -ffree-form -J build/gfortran_020AF3609BFD7C6D -fpre-include=/usr/include/finclude/math-vector-fortran.h".

RUNNING TESTS (scalar) | date: 20230812 | time: 180802.736 | complex kind: 16
-----------------------------------------------------------------------------
All tests are "PASSING" with compiler "GCC version 12.3.1 20230508 (Red Hat 12.3.1-1)" using compiler options "-I build/gfortran_020AF3609BFD7C6D -mtune=generic -march=x86-64 -g -Wall -Wextra -Werror=implicit-interface -fPIC -fmax-errors=1 -fbounds-check -fcheck=array-temps -fbacktrace -fcoarray=single -fimplicit-none -ffree-form -J build/gfortran_020AF3609BFD7C6D -fpre-include=/usr/include/finclude/math-vector-fortran.h".

RUNNING TESTS (scalar) | date: 20230812 | time: 180802.775 | complex kind: 4
----------------------------------------------------------------------------
All tests are "PASSING" with compiler "GCC version 12.3.1 20230508 (Red Hat 12.3.1-1)" using compiler options "-I build/gfortran_020AF3609BFD7C6D -mtune=generic -march=x86-64 -g -Wall -Wextra -Werror=implicit-interface -fPIC -fmax-errors=1 -fbounds-check -fcheck=array-temps -fbacktrace -fcoarray=single -fimplicit-none -ffree-form -J build/gfortran_020AF3609BFD7C6D -fpre-include=/usr/include/finclude/math-vector-fortran.h".

RUNNING TESTS (scalar) | date: 20230812 | time: 180802.814 | complex kind: 8
----------------------------------------------------------------------------
All tests are "PASSING" with compiler "GCC version 12.3.1 20230508 (Red Hat 12.3.1-1)" using compiler options "-I build/gfortran_020AF3609BFD7C6D -mtune=generic -march=x86-64 -g -Wall -Wextra -Werror=implicit-interface -fPIC -fmax-errors=1 -fbounds-check -fcheck=array-temps -fbacktrace -fcoarray=single -fimplicit-none -ffree-form -J build/gfortran_020AF3609BFD7C6D -fpre-include=/usr/include/finclude/math-vector-fortran.h".

RUNNING TESTS (scalar) | date: 20230812 | time: 180802.851 | int kind: 2
------------------------------------------------------------------------
All tests are "PASSING" with compiler "GCC version 12.3.1 20230508 (Red Hat 12.3.1-1)" using compiler options "-I build/gfortran_020AF3609BFD7C6D -mtune=generic -march=x86-64 -g -Wall -Wextra -Werror=implicit-interface -fPIC -fmax-errors=1 -fbounds-check -fcheck=array-temps -fbacktrace -fcoarray=single -fimplicit-none -ffree-form -J build/gfortran_020AF3609BFD7C6D -fpre-include=/usr/include/finclude/math-vector-fortran.h".

RUNNING TESTS (scalar) | date: 20230812 | time: 180802.886 | int kind: 4
------------------------------------------------------------------------
All tests are "PASSING" with compiler "GCC version 12.3.1 20230508 (Red Hat 12.3.1-1)" using compiler options "-I build/gfortran_020AF3609BFD7C6D -mtune=generic -march=x86-64 -g -Wall -Wextra -Werror=implicit-interface -fPIC -fmax-errors=1 -fbounds-check -fcheck=array-temps -fbacktrace -fcoarray=single -fimplicit-none -ffree-form -J build/gfortran_020AF3609BFD7C6D -fpre-include=/usr/include/finclude/math-vector-fortran.h".

RUNNING TESTS (scalar) | date: 20230812 | time: 180802.921 | int kind: 8
------------------------------------------------------------------------
All tests are "PASSING" with compiler "GCC version 12.3.1 20230508 (Red Hat 12.3.1-1)" using compiler options "-I build/gfortran_020AF3609BFD7C6D -mtune=generic -march=x86-64 -g -Wall -Wextra -Werror=implicit-interface -fPIC -fmax-errors=1 -fbounds-check -fcheck=array-temps -fbacktrace -fcoarray=single -fimplicit-none -ffree-form -J build/gfortran_020AF3609BFD7C6D -fpre-include=/usr/include/finclude/math-vector-fortran.h".

RUNNING TESTS (scalar) | date: 20230812 | time: 180802.956 | int kind: 1
------------------------------------------------------------------------
All tests are "PASSING" with compiler "GCC version 12.3.1 20230508 (Red Hat 12.3.1-1)" using compiler options "-I build/gfortran_020AF3609BFD7C6D -mtune=generic -march=x86-64 -g -Wall -Wextra -Werror=implicit-interface -fPIC -fmax-errors=1 -fbounds-check -fcheck=array-temps -fbacktrace -fcoarray=single -fimplicit-none -ffree-form -J build/gfortran_020AF3609BFD7C6D -fpre-include=/usr/include/finclude/math-vector-fortran.h".

RUNNING TESTS (scalar) | date: 20230812 | time: 180802.991 | real kind: 16
--------------------------------------------------------------------------
All tests are "PASSING" with compiler "GCC version 12.3.1 20230508 (Red Hat 12.3.1-1)" using compiler options "-I build/gfortran_020AF3609BFD7C6D -mtune=generic -march=x86-64 -g -Wall -Wextra -Werror=implicit-interface -fPIC -fmax-errors=1 -fbounds-check -fcheck=array-temps -fbacktrace -fcoarray=single -fimplicit-none -ffree-form -J build/gfortran_020AF3609BFD7C6D -fpre-include=/usr/include/finclude/math-vector-fortran.h".

RUNNING TESTS (scalar) | date: 20230812 | time: 180803.028 | real kind: 4
-------------------------------------------------------------------------
All tests are "PASSING" with compiler "GCC version 12.3.1 20230508 (Red Hat 12.3.1-1)" using compiler options "-I build/gfortran_020AF3609BFD7C6D -mtune=generic -march=x86-64 -g -Wall -Wextra -Werror=implicit-interface -fPIC -fmax-errors=1 -fbounds-check -fcheck=array-temps -fbacktrace -fcoarray=single -fimplicit-none -ffree-form -J build/gfortran_020AF3609BFD7C6D -fpre-include=/usr/include/finclude/math-vector-fortran.h".

RUNNING TESTS (scalar) | date: 20230812 | time: 180803.066 | real kind: 8
-------------------------------------------------------------------------
All tests are "PASSING" with compiler "GCC version 12.3.1 20230508 (Red Hat 12.3.1-1)" using compiler options "-I build/gfortran_020AF3609BFD7C6D -mtune=generic -march=x86-64 -g -Wall -Wextra -Werror=implicit-interface -fPIC -fmax-errors=1 -fbounds-check -fcheck=array-temps -fbacktrace -fcoarray=single -fimplicit-none -ffree-form -J build/gfortran_020AF3609BFD7C6D -fpre-include=/usr/include/finclude/math-vector-fortran.h".

RUNNING TESTS (array) | date: 20230812 | time: 180915.292 | complex kind: 16
----------------------------------------------------------------------------
All tests are "PASSING" with compiler "GCC version 12.3.1 20230508 (Red Hat 12.3.1-1)" using compiler options "-I build/gfortran_78F11BC70A0F0145 -mtune=generic -march=x86-64 -O3 -Werror=implicit-interface -fimplicit-none -ffree-form -J build/gfortran_78F11BC70A0F0145 -fpre-include=/usr/include/finclude/math-vector-fortran.h".

RUNNING TESTS (array) | date: 20230812 | time: 180915.675 | complex kind: 4
---------------------------------------------------------------------------
All tests are "PASSING" with compiler "GCC version 12.3.1 20230508 (Red Hat 12.3.1-1)" using compiler options "-I build/gfortran_78F11BC70A0F0145 -mtune=generic -march=x86-64 -O3 -Werror=implicit-interface -fimplicit-none -ffree-form -J build/gfortran_78F11BC70A0F0145 -fpre-include=/usr/include/finclude/math-vector-fortran.h".

RUNNING TESTS (array) | date: 20230812 | time: 180915.853 | complex kind: 8
---------------------------------------------------------------------------
All tests are "PASSING" with compiler "GCC version 12.3.1 20230508 (Red Hat 12.3.1-1)" using compiler options "-I build/gfortran_78F11BC70A0F0145 -mtune=generic -march=x86-64 -O3 -Werror=implicit-interface -fimplicit-none -ffree-form -J build/gfortran_78F11BC70A0F0145 -fpre-include=/usr/include/finclude/math-vector-fortran.h".

RUNNING TESTS (array) | date: 20230812 | time: 180916.046 | int kind: 2
-----------------------------------------------------------------------
All tests are "PASSING" with compiler "GCC version 12.3.1 20230508 (Red Hat 12.3.1-1)" using compiler options "-I build/gfortran_78F11BC70A0F0145 -mtune=generic -march=x86-64 -O3 -Werror=implicit-interface -fimplicit-none -ffree-form -J build/gfortran_78F11BC70A0F0145 -fpre-include=/usr/include/finclude/math-vector-fortran.h".

RUNNING TESTS (array) | date: 20230812 | time: 180916.071 | int kind: 4
-----------------------------------------------------------------------
All tests are "PASSING" with compiler "GCC version 12.3.1 20230508 (Red Hat 12.3.1-1)" using compiler options "-I build/gfortran_78F11BC70A0F0145 -mtune=generic -march=x86-64 -O3 -Werror=implicit-interface -fimplicit-none -ffree-form -J build/gfortran_78F11BC70A0F0145 -fpre-include=/usr/include/finclude/math-vector-fortran.h".

RUNNING TESTS (array) | date: 20230812 | time: 180916.096 | int kind: 8
-----------------------------------------------------------------------
All tests are "PASSING" with compiler "GCC version 12.3.1 20230508 (Red Hat 12.3.1-1)" using compiler options "-I build/gfortran_78F11BC70A0F0145 -mtune=generic -march=x86-64 -O3 -Werror=implicit-interface -fimplicit-none -ffree-form -J build/gfortran_78F11BC70A0F0145 -fpre-include=/usr/include/finclude/math-vector-fortran.h".

RUNNING TESTS (array) | date: 20230812 | time: 180916.122 | int kind: 1
-----------------------------------------------------------------------
All tests are "PASSING" with compiler "GCC version 12.3.1 20230508 (Red Hat 12.3.1-1)" using compiler options "-I build/gfortran_78F11BC70A0F0145 -mtune=generic -march=x86-64 -O3 -Werror=implicit-interface -fimplicit-none -ffree-form -J build/gfortran_78F11BC70A0F0145 -fpre-include=/usr/include/finclude/math-vector-fortran.h".

RUNNING TESTS (array) | date: 20230812 | time: 180916.148 | real kind: 16
-------------------------------------------------------------------------
All tests are "PASSING" with compiler "GCC version 12.3.1 20230508 (Red Hat 12.3.1-1)" using compiler options "-I build/gfortran_78F11BC70A0F0145 -mtune=generic -march=x86-64 -O3 -Werror=implicit-interface -fimplicit-none -ffree-form -J build/gfortran_78F11BC70A0F0145 -fpre-include=/usr/include/finclude/math-vector-fortran.h".

RUNNING TESTS (array) | date: 20230812 | time: 180916.227 | real kind: 4
------------------------------------------------------------------------
All tests are "PASSING" with compiler "GCC version 12.3.1 20230508 (Red Hat 12.3.1-1)" using compiler options "-I build/gfortran_78F11BC70A0F0145 -mtune=generic -march=x86-64 -O3 -Werror=implicit-interface -fimplicit-none -ffree-form -J build/gfortran_78F11BC70A0F0145 -fpre-include=/usr/include/finclude/math-vector-fortran.h".

RUNNING TESTS (array) | date: 20230812 | time: 180916.277 | real kind: 8
------------------------------------------------------------------------
All tests are "PASSING" with compiler "GCC version 12.3.1 20230508 (Red Hat 12.3.1-1)" using compiler options "-I build/gfortran_78F11BC70A0F0145 -mtune=generic -march=x86-64 -O3 -Werror=implicit-interface -fimplicit-none -ffree-form -J build/gfortran_78F11BC70A0F0145 -fpre-include=/usr/include/finclude/math-vector-fortran.h".

RUNNING TESTS (array) | date: 20230812 | time: 180916.330 | complex kind: 16
----------------------------------------------------------------------------
All tests are "PASSING" with compiler "GCC version 12.3.1 20230508 (Red Hat 12.3.1-1)" using compiler options "-I build/gfortran_78F11BC70A0F0145 -mtune=generic -march=x86-64 -O3 -Werror=implicit-interface -fimplicit-none -ffree-form -J build/gfortran_78F11BC70A0F0145 -fpre-include=/usr/include/finclude/math-vector-fortran.h".

RUNNING TESTS (array) | date: 20230812 | time: 180921.319 | complex kind: 4
---------------------------------------------------------------------------
All tests are "PASSING" with compiler "GCC version 12.3.1 20230508 (Red Hat 12.3.1-1)" using compiler options "-I build/gfortran_78F11BC70A0F0145 -mtune=generic -march=x86-64 -O3 -Werror=implicit-interface -fimplicit-none -ffree-form -J build/gfortran_78F11BC70A0F0145 -fpre-include=/usr/include/finclude/math-vector-fortran.h".

RUNNING TESTS (array) | date: 20230812 | time: 180924.270 | complex kind: 8
---------------------------------------------------------------------------
All tests are "PASSING" with compiler "GCC version 12.3.1 20230508 (Red Hat 12.3.1-1)" using compiler options "-I build/gfortran_78F11BC70A0F0145 -mtune=generic -march=x86-64 -O3 -Werror=implicit-interface -fimplicit-none -ffree-form -J build/gfortran_78F11BC70A0F0145 -fpre-include=/usr/include/finclude/math-vector-fortran.h".

RUNNING TESTS (array) | date: 20230812 | time: 180927.419 | int kind: 2
-----------------------------------------------------------------------
All tests are "PASSING" with compiler "GCC version 12.3.1 20230508 (Red Hat 12.3.1-1)" using compiler options "-I build/gfortran_78F11BC70A0F0145 -mtune=generic -march=x86-64 -O3 -Werror=implicit-interface -fimplicit-none -ffree-form -J build/gfortran_78F11BC70A0F0145 -fpre-include=/usr/include/finclude/math-vector-fortran.h".

RUNNING TESTS (array) | date: 20230812 | time: 180927.762 | int kind: 4
-----------------------------------------------------------------------
All tests are "PASSING" with compiler "GCC version 12.3.1 20230508 (Red Hat 12.3.1-1)" using compiler options "-I build/gfortran_78F11BC70A0F0145 -mtune=generic -march=x86-64 -O3 -Werror=implicit-interface -fimplicit-none -ffree-form -J build/gfortran_78F11BC70A0F0145 -fpre-include=/usr/include/finclude/math-vector-fortran.h".

RUNNING TESTS (array) | date: 20230812 | time: 180928.110 | int kind: 8
-----------------------------------------------------------------------
All tests are "PASSING" with compiler "GCC version 12.3.1 20230508 (Red Hat 12.3.1-1)" using compiler options "-I build/gfortran_78F11BC70A0F0145 -mtune=generic -march=x86-64 -O3 -Werror=implicit-interface -fimplicit-none -ffree-form -J build/gfortran_78F11BC70A0F0145 -fpre-include=/usr/include/finclude/math-vector-fortran.h".

RUNNING TESTS (array) | date: 20230812 | time: 180928.467 | int kind: 1
-----------------------------------------------------------------------
All tests are "PASSING" with compiler "GCC version 12.3.1 20230508 (Red Hat 12.3.1-1)" using compiler options "-I build/gfortran_78F11BC70A0F0145 -mtune=generic -march=x86-64 -O3 -Werror=implicit-interface -fimplicit-none -ffree-form -J build/gfortran_78F11BC70A0F0145 -fpre-include=/usr/include/finclude/math-vector-fortran.h".

RUNNING TESTS (array) | date: 20230812 | time: 180928.822 | real kind: 16
-------------------------------------------------------------------------
All tests are "PASSING" with compiler "GCC version 12.3.1 20230508 (Red Hat 12.3.1-1)" using compiler options "-I build/gfortran_78F11BC70A0F0145 -mtune=generic -march=x86-64 -O3 -Werror=implicit-interface -fimplicit-none -ffree-form -J build/gfortran_78F11BC70A0F0145 -fpre-include=/usr/include/finclude/math-vector-fortran.h".

RUNNING TESTS (array) | date: 20230812 | time: 180929.843 | real kind: 4
------------------------------------------------------------------------
All tests are "PASSING" with compiler "GCC version 12.3.1 20230508 (Red Hat 12.3.1-1)" using compiler options "-I build/gfortran_78F11BC70A0F0145 -mtune=generic -march=x86-64 -O3 -Werror=implicit-interface -fimplicit-none -ffree-form -J build/gfortran_78F11BC70A0F0145 -fpre-include=/usr/include/finclude/math-vector-fortran.h".

RUNNING TESTS (array) | date: 20230812 | time: 180930.616 | real kind: 8
------------------------------------------------------------------------
All tests are "PASSING" with compiler "GCC version 12.3.1 20230508 (Red Hat 12.3.1-1)" using compiler options "-I build/gfortran_78F11BC70A0F0145 -mtune=generic -march=x86-64 -O3 -Werror=implicit-interface -fimplicit-none -ffree-form -J build/gfortran_78F11BC70A0F0145 -fpre-include=/usr/include/finclude/math-vector-fortran.h".

RUNNING TESTS (scalar) | date: 20230812 | time: 180931.409 | complex kind: 16
-----------------------------------------------------------------------------
All tests are "PASSING" with compiler "GCC version 12.3.1 20230508 (Red Hat 12.3.1-1)" using compiler options "-I build/gfortran_78F11BC70A0F0145 -mtune=generic -march=x86-64 -O3 -Werror=implicit-interface -fimplicit-none -ffree-form -J build/gfortran_78F11BC70A0F0145 -fpre-include=/usr/include/finclude/math-vector-fortran.h".

RUNNING TESTS (scalar) | date: 20230812 | time: 180931.437 | complex kind: 4
----------------------------------------------------------------------------
All tests are "PASSING" with compiler "GCC version 12.3.1 20230508 (Red Hat 12.3.1-1)" using compiler options "-I build/gfortran_78F11BC70A0F0145 -mtune=generic -march=x86-64 -O3 -Werror=implicit-interface -fimplicit-none -ffree-form -J build/gfortran_78F11BC70A0F0145 -fpre-include=/usr/include/finclude/math-vector-fortran.h".

RUNNING TESTS (scalar) | date: 20230812 | time: 180931.465 | complex kind: 8
----------------------------------------------------------------------------
All tests are "PASSING" with compiler "GCC version 12.3.1 20230508 (Red Hat 12.3.1-1)" using compiler options "-I build/gfortran_78F11BC70A0F0145 -mtune=generic -march=x86-64 -O3 -Werror=implicit-interface -fimplicit-none -ffree-form -J build/gfortran_78F11BC70A0F0145 -fpre-include=/usr/include/finclude/math-vector-fortran.h".

RUNNING TESTS (scalar) | date: 20230812 | time: 180931.492 | int kind: 2
------------------------------------------------------------------------
All tests are "PASSING" with compiler "GCC version 12.3.1 20230508 (Red Hat 12.3.1-1)" using compiler options "-I build/gfortran_78F11BC70A0F0145 -mtune=generic -march=x86-64 -O3 -Werror=implicit-interface -fimplicit-none -ffree-form -J build/gfortran_78F11BC70A0F0145 -fpre-include=/usr/include/finclude/math-vector-fortran.h".

RUNNING TESTS (scalar) | date: 20230812 | time: 180931.519 | int kind: 4
------------------------------------------------------------------------
All tests are "PASSING" with compiler "GCC version 12.3.1 20230508 (Red Hat 12.3.1-1)" using compiler options "-I build/gfortran_78F11BC70A0F0145 -mtune=generic -march=x86-64 -O3 -Werror=implicit-interface -fimplicit-none -ffree-form -J build/gfortran_78F11BC70A0F0145 -fpre-include=/usr/include/finclude/math-vector-fortran.h".

RUNNING TESTS (scalar) | date: 20230812 | time: 180931.545 | int kind: 8
------------------------------------------------------------------------
All tests are "PASSING" with compiler "GCC version 12.3.1 20230508 (Red Hat 12.3.1-1)" using compiler options "-I build/gfortran_78F11BC70A0F0145 -mtune=generic -march=x86-64 -O3 -Werror=implicit-interface -fimplicit-none -ffree-form -J build/gfortran_78F11BC70A0F0145 -fpre-include=/usr/include/finclude/math-vector-fortran.h".

RUNNING TESTS (scalar) | date: 20230812 | time: 180931.572 | int kind: 1
------------------------------------------------------------------------
All tests are "PASSING" with compiler "GCC version 12.3.1 20230508 (Red Hat 12.3.1-1)" using compiler options "-I build/gfortran_78F11BC70A0F0145 -mtune=generic -march=x86-64 -O3 -Werror=implicit-interface -fimplicit-none -ffree-form -J build/gfortran_78F11BC70A0F0145 -fpre-include=/usr/include/finclude/math-vector-fortran.h".

RUNNING TESTS (scalar) | date: 20230812 | time: 180931.599 | real kind: 16
--------------------------------------------------------------------------
All tests are "PASSING" with compiler "GCC version 12.3.1 20230508 (Red Hat 12.3.1-1)" using compiler options "-I build/gfortran_78F11BC70A0F0145 -mtune=generic -march=x86-64 -O3 -Werror=implicit-interface -fimplicit-none -ffree-form -J build/gfortran_78F11BC70A0F0145 -fpre-include=/usr/include/finclude/math-vector-fortran.h".

RUNNING TESTS (scalar) | date: 20230812 | time: 180931.624 | real kind: 4
-------------------------------------------------------------------------
All tests are "PASSING" with compiler "GCC version 12.3.1 20230508 (Red Hat 12.3.1-1)" using compiler options "-I build/gfortran_78F11BC70A0F0145 -mtune=generic -march=x86-64 -O3 -Werror=implicit-interface -fimplicit-none -ffree-form -J build/gfortran_78F11BC70A0F0145 -fpre-include=/usr/include/finclude/math-vector-fortran.h".

RUNNING TESTS (scalar) | date: 20230812 | time: 180931.651 | real kind: 8
-------------------------------------------------------------------------
All tests are "PASSING" with compiler "GCC version 12.3.1 20230508 (Red Hat 12.3.1-1)" using compiler options "-I build/gfortran_78F11BC70A0F0145 -mtune=generic -march=x86-64 -O3 -Werror=implicit-interface -fimplicit-none -ffree-form -J build/gfortran_78F11BC70A0F0145 -fpre-include=/usr/include/finclude/math-vector-fortran.h".

RUNNING TESTS (array) | date: 20230812 | time: 181250.567 | complex kind: 16
----------------------------------------------------------------------------
All tests are "PASSING" with compiler "Intel(R) Fortran Compiler for applications running on Intel(R) 64, Version 2023.2.0 Build 20230721" using compiler options "-Ibuild/ifx_AF124F8F3A7E52CB -c -O3 -stand f18 -free -module build/ifx_AF124F8F3A7E52CB -o build/ifx_AF124F8F3A7E52CB/IO-Fortran-Library/test_units_array-test-c128.f90.o ".

RUNNING TESTS (array) | date: 20230812 | time: 181250.946 | complex kind: 4
---------------------------------------------------------------------------
All tests are "PASSING" with compiler "Intel(R) Fortran Compiler for applications running on Intel(R) 64, Version 2023.2.0 Build 20230721" using compiler options "-Ibuild/ifx_AF124F8F3A7E52CB -c -O3 -stand f18 -free -module build/ifx_AF124F8F3A7E52CB -o build/ifx_AF124F8F3A7E52CB/IO-Fortran-Library/test_units_array-test-c32.f90.o ".

RUNNING TESTS (array) | date: 20230812 | time: 181251.089 | complex kind: 8
---------------------------------------------------------------------------
All tests are "PASSING" with compiler "Intel(R) Fortran Compiler for applications running on Intel(R) 64, Version 2023.2.0 Build 20230721" using compiler options "-Ibuild/ifx_AF124F8F3A7E52CB -c -O3 -stand f18 -free -module build/ifx_AF124F8F3A7E52CB -o build/ifx_AF124F8F3A7E52CB/IO-Fortran-Library/test_units_array-test-c64.f90.o ".

RUNNING TESTS (array) | date: 20230812 | time: 181251.256 | int kind: 2
-----------------------------------------------------------------------
All tests are "PASSING" with compiler "Intel(R) Fortran Compiler for applications running on Intel(R) 64, Version 2023.2.0 Build 20230721" using compiler options "-Ibuild/ifx_AF124F8F3A7E52CB -c -O3 -stand f18 -free -module build/ifx_AF124F8F3A7E52CB -o build/ifx_AF124F8F3A7E52CB/IO-Fortran-Library/test_units_array-test-i16.f90.o ".

RUNNING TESTS (array) | date: 20230812 | time: 181251.295 | int kind: 4
-----------------------------------------------------------------------
All tests are "PASSING" with compiler "Intel(R) Fortran Compiler for applications running on Intel(R) 64, Version 2023.2.0 Build 20230721" using compiler options "-Ibuild/ifx_AF124F8F3A7E52CB -c -O3 -stand f18 -free -module build/ifx_AF124F8F3A7E52CB -o build/ifx_AF124F8F3A7E52CB/IO-Fortran-Library/test_units_array-test-i32.f90.o ".

RUNNING TESTS (array) | date: 20230812 | time: 181251.334 | int kind: 8
-----------------------------------------------------------------------
All tests are "PASSING" with compiler "Intel(R) Fortran Compiler for applications running on Intel(R) 64, Version 2023.2.0 Build 20230721" using compiler options "-Ibuild/ifx_AF124F8F3A7E52CB -c -O3 -stand f18 -free -module build/ifx_AF124F8F3A7E52CB -o build/ifx_AF124F8F3A7E52CB/IO-Fortran-Library/test_units_array-test-i64.f90.o ".

RUNNING TESTS (array) | date: 20230812 | time: 181251.373 | int kind: 1
-----------------------------------------------------------------------
All tests are "PASSING" with compiler "Intel(R) Fortran Compiler for applications running on Intel(R) 64, Version 2023.2.0 Build 20230721" using compiler options "-Ibuild/ifx_AF124F8F3A7E52CB -c -O3 -stand f18 -free -module build/ifx_AF124F8F3A7E52CB -o build/ifx_AF124F8F3A7E52CB/IO-Fortran-Library/test_units_array-test-i8.f90.o ".

RUNNING TESTS (array) | date: 20230812 | time: 181251.413 | real kind: 16
-------------------------------------------------------------------------
All tests are "PASSING" with compiler "Intel(R) Fortran Compiler for applications running on Intel(R) 64, Version 2023.2.0 Build 20230721" using compiler options "-Ibuild/ifx_AF124F8F3A7E52CB -c -O3 -stand f18 -free -module build/ifx_AF124F8F3A7E52CB -o build/ifx_AF124F8F3A7E52CB/IO-Fortran-Library/test_units_array-test-r128.f90.o ".

RUNNING TESTS (array) | date: 20230812 | time: 181251.506 | real kind: 4
------------------------------------------------------------------------
All tests are "PASSING" with compiler "Intel(R) Fortran Compiler for applications running on Intel(R) 64, Version 2023.2.0 Build 20230721" using compiler options "-Ibuild/ifx_AF124F8F3A7E52CB -c -O3 -stand f18 -free -module build/ifx_AF124F8F3A7E52CB -o build/ifx_AF124F8F3A7E52CB/IO-Fortran-Library/test_units_array-test-r32.f90.o ".

RUNNING TESTS (array) | date: 20230812 | time: 181251.561 | real kind: 8
------------------------------------------------------------------------
All tests are "PASSING" with compiler "Intel(R) Fortran Compiler for applications running on Intel(R) 64, Version 2023.2.0 Build 20230721" using compiler options "-Ibuild/ifx_AF124F8F3A7E52CB -c -O3 -stand f18 -free -module build/ifx_AF124F8F3A7E52CB -o build/ifx_AF124F8F3A7E52CB/IO-Fortran-Library/test_units_array-test-r64.f90.o ".

RUNNING TESTS (array) | date: 20230812 | time: 181251.823 | int kind: 2
-----------------------------------------------------------------------
All tests are "PASSING" with compiler "Intel(R) Fortran Compiler for applications running on Intel(R) 64, Version 2023.2.0 Build 20230721" using compiler options "-Ibuild/ifx_AF124F8F3A7E52CB -c -O3 -stand f18 -free -module build/ifx_AF124F8F3A7E52CB -o build/ifx_AF124F8F3A7E52CB/IO-Fortran-Library/test_units_file-test-i16.f90.o ".

RUNNING TESTS (array) | date: 20230812 | time: 181252.118 | int kind: 4
-----------------------------------------------------------------------
All tests are "PASSING" with compiler "Intel(R) Fortran Compiler for applications running on Intel(R) 64, Version 2023.2.0 Build 20230721" using compiler options "-Ibuild/ifx_AF124F8F3A7E52CB -c -O3 -stand f18 -free -module build/ifx_AF124F8F3A7E52CB -o build/ifx_AF124F8F3A7E52CB/IO-Fortran-Library/test_units_file-test-i32.f90.o ".

RUNNING TESTS (array) | date: 20230812 | time: 181252.463 | int kind: 8
-----------------------------------------------------------------------
All tests are "PASSING" with compiler "Intel(R) Fortran Compiler for applications running on Intel(R) 64, Version 2023.2.0 Build 20230721" using compiler options "-Ibuild/ifx_AF124F8F3A7E52CB -c -O3 -stand f18 -free -module build/ifx_AF124F8F3A7E52CB -o build/ifx_AF124F8F3A7E52CB/IO-Fortran-Library/test_units_file-test-i64.f90.o ".

RUNNING TESTS (array) | date: 20230812 | time: 181252.787 | int kind: 1
-----------------------------------------------------------------------
All tests are "PASSING" with compiler "Intel(R) Fortran Compiler for applications running on Intel(R) 64, Version 2023.2.0 Build 20230721" using compiler options "-Ibuild/ifx_AF124F8F3A7E52CB -c -O3 -stand f18 -free -module build/ifx_AF124F8F3A7E52CB -o build/ifx_AF124F8F3A7E52CB/IO-Fortran-Library/test_units_file-test-i8.f90.o ".

RUNNING TESTS (array) | date: 20230812 | time: 181253.083 | real kind: 16
-------------------------------------------------------------------------
All tests are "PASSING" with compiler "Intel(R) Fortran Compiler for applications running on Intel(R) 64, Version 2023.2.0 Build 20230721" using compiler options "-Ibuild/ifx_AF124F8F3A7E52CB -c -O3 -stand f18 -free -module build/ifx_AF124F8F3A7E52CB -o build/ifx_AF124F8F3A7E52CB/IO-Fortran-Library/test_units_file-test-r128.f90.o ".

RUNNING TESTS (array) | date: 20230812 | time: 181254.060 | real kind: 4
------------------------------------------------------------------------
All tests are "PASSING" with compiler "Intel(R) Fortran Compiler for applications running on Intel(R) 64, Version 2023.2.0 Build 20230721" using compiler options "-Ibuild/ifx_AF124F8F3A7E52CB -c -O3 -stand f18 -free -module build/ifx_AF124F8F3A7E52CB -o build/ifx_AF124F8F3A7E52CB/IO-Fortran-Library/test_units_file-test-r32.f90.o ".

RUNNING TESTS (array) | date: 20230812 | time: 181254.655 | real kind: 8
------------------------------------------------------------------------
All tests are "PASSING" with compiler "Intel(R) Fortran Compiler for applications running on Intel(R) 64, Version 2023.2.0 Build 20230721" using compiler options "-Ibuild/ifx_AF124F8F3A7E52CB -c -O3 -stand f18 -free -module build/ifx_AF124F8F3A7E52CB -o build/ifx_AF124F8F3A7E52CB/IO-Fortran-Library/test_units_file-test-r64.f90.o ".

RUNNING TESTS (scalar) | date: 20230812 | time: 181255.327 | complex kind: 16
-----------------------------------------------------------------------------
All tests are "PASSING" with compiler "Intel(R) Fortran Compiler for applications running on Intel(R) 64, Version 2023.2.0 Build 20230721" using compiler options "-Ibuild/ifx_AF124F8F3A7E52CB -c -O3 -stand f18 -free -module build/ifx_AF124F8F3A7E52CB -o build/ifx_AF124F8F3A7E52CB/IO-Fortran-Library/test_units_scalar-test-c128.f90.o ".

RUNNING TESTS (scalar) | date: 20230812 | time: 181255.365 | complex kind: 4
----------------------------------------------------------------------------
All tests are "PASSING" with compiler "Intel(R) Fortran Compiler for applications running on Intel(R) 64, Version 2023.2.0 Build 20230721" using compiler options "-Ibuild/ifx_AF124F8F3A7E52CB -c -O3 -stand f18 -free -module build/ifx_AF124F8F3A7E52CB -o build/ifx_AF124F8F3A7E52CB/IO-Fortran-Library/test_units_scalar-test-c32.f90.o ".

RUNNING TESTS (scalar) | date: 20230812 | time: 181255.407 | complex kind: 8
----------------------------------------------------------------------------
All tests are "PASSING" with compiler "Intel(R) Fortran Compiler for applications running on Intel(R) 64, Version 2023.2.0 Build 20230721" using compiler options "-Ibuild/ifx_AF124F8F3A7E52CB -c -O3 -stand f18 -free -module build/ifx_AF124F8F3A7E52CB -o build/ifx_AF124F8F3A7E52CB/IO-Fortran-Library/test_units_scalar-test-c64.f90.o ".

RUNNING TESTS (scalar) | date: 20230812 | time: 181255.446 | int kind: 2
------------------------------------------------------------------------
All tests are "PASSING" with compiler "Intel(R) Fortran Compiler for applications running on Intel(R) 64, Version 2023.2.0 Build 20230721" using compiler options "-Ibuild/ifx_AF124F8F3A7E52CB -c -O3 -stand f18 -free -module build/ifx_AF124F8F3A7E52CB -o build/ifx_AF124F8F3A7E52CB/IO-Fortran-Library/test_units_scalar-test-i16.f90.o ".

RUNNING TESTS (scalar) | date: 20230812 | time: 181255.482 | int kind: 4
------------------------------------------------------------------------
All tests are "PASSING" with compiler "Intel(R) Fortran Compiler for applications running on Intel(R) 64, Version 2023.2.0 Build 20230721" using compiler options "-Ibuild/ifx_AF124F8F3A7E52CB -c -O3 -stand f18 -free -module build/ifx_AF124F8F3A7E52CB -o build/ifx_AF124F8F3A7E52CB/IO-Fortran-Library/test_units_scalar-test-i32.f90.o ".

RUNNING TESTS (scalar) | date: 20230812 | time: 181255.517 | int kind: 8
------------------------------------------------------------------------
All tests are "PASSING" with compiler "Intel(R) Fortran Compiler for applications running on Intel(R) 64, Version 2023.2.0 Build 20230721" using compiler options "-Ibuild/ifx_AF124F8F3A7E52CB -c -O3 -stand f18 -free -module build/ifx_AF124F8F3A7E52CB -o build/ifx_AF124F8F3A7E52CB/IO-Fortran-Library/test_units_scalar-test-i64.f90.o ".

RUNNING TESTS (scalar) | date: 20230812 | time: 181255.552 | int kind: 1
------------------------------------------------------------------------
All tests are "PASSING" with compiler "Intel(R) Fortran Compiler for applications running on Intel(R) 64, Version 2023.2.0 Build 20230721" using compiler options "-Ibuild/ifx_AF124F8F3A7E52CB -c -O3 -stand f18 -free -module build/ifx_AF124F8F3A7E52CB -o build/ifx_AF124F8F3A7E52CB/IO-Fortran-Library/test_units_scalar-test-i8.f90.o ".

RUNNING TESTS (scalar) | date: 20230812 | time: 181255.586 | real kind: 16
--------------------------------------------------------------------------
All tests are "PASSING" with compiler "Intel(R) Fortran Compiler for applications running on Intel(R) 64, Version 2023.2.0 Build 20230721" using compiler options "-Ibuild/ifx_AF124F8F3A7E52CB -c -O3 -stand f18 -free -module build/ifx_AF124F8F3A7E52CB -o build/ifx_AF124F8F3A7E52CB/IO-Fortran-Library/test_units_scalar-test-r128.f90.o ".

RUNNING TESTS (scalar) | date: 20230812 | time: 181255.622 | real kind: 4
-------------------------------------------------------------------------
All tests are "PASSING" with compiler "Intel(R) Fortran Compiler for applications running on Intel(R) 64, Version 2023.2.0 Build 20230721" using compiler options "-Ibuild/ifx_AF124F8F3A7E52CB -c -O3 -stand f18 -free -module build/ifx_AF124F8F3A7E52CB -o build/ifx_AF124F8F3A7E52CB/IO-Fortran-Library/test_units_scalar-test-r32.f90.o ".

RUNNING TESTS (scalar) | date: 20230812 | time: 181255.656 | real kind: 8
-------------------------------------------------------------------------
All tests are "PASSING" with compiler "Intel(R) Fortran Compiler for applications running on Intel(R) 64, Version 2023.2.0 Build 20230721" using compiler options "-Ibuild/ifx_AF124F8F3A7E52CB -c -O3 -stand f18 -free -module build/ifx_AF124F8F3A7E52CB -o build/ifx_AF124F8F3A7E52CB/IO-Fortran-Library/test_units_scalar-test-r64.f90.o ".

RUNNING TESTS (array) | date: 20230812 | time: 181335.259 | complex kind: 16
----------------------------------------------------------------------------
All tests are "PASSING" with compiler "Intel(R) Fortran Intel(R) 64 Compiler Classic for applications running on Intel(R) 64, Version 2021.10.0 Build 20230609_000000" using compiler options "-Ibuild/ifort_64365A593998FE80 -c -warn all -check all -error-limit 1 -O0 -g -assume byterecl -traceback -free -module build/ifort_64365A593998FE80 -o build/ifort_64365A593998FE80/IO-Fortran-Library/test_units_array-test-c128.f90.o".

RUNNING TESTS (array) | date: 20230812 | time: 181335.807 | complex kind: 4
---------------------------------------------------------------------------
All tests are "PASSING" with compiler "Intel(R) Fortran Intel(R) 64 Compiler Classic for applications running on Intel(R) 64, Version 2021.10.0 Build 20230609_000000" using compiler options "-Ibuild/ifort_64365A593998FE80 -c -warn all -check all -error-limit 1 -O0 -g -assume byterecl -traceback -free -module build/ifort_64365A593998FE80 -o build/ifort_64365A593998FE80/IO-Fortran-Library/test_units_array-test-c32.f90.o".

RUNNING TESTS (array) | date: 20230812 | time: 181336.097 | complex kind: 8
---------------------------------------------------------------------------
All tests are "PASSING" with compiler "Intel(R) Fortran Intel(R) 64 Compiler Classic for applications running on Intel(R) 64, Version 2021.10.0 Build 20230609_000000" using compiler options "-Ibuild/ifort_64365A593998FE80 -c -warn all -check all -error-limit 1 -O0 -g -assume byterecl -traceback -free -module build/ifort_64365A593998FE80 -o build/ifort_64365A593998FE80/IO-Fortran-Library/test_units_array-test-c64.f90.o".

RUNNING TESTS (array) | date: 20230812 | time: 181336.411 | int kind: 2
-----------------------------------------------------------------------
All tests are "PASSING" with compiler "Intel(R) Fortran Intel(R) 64 Compiler Classic for applications running on Intel(R) 64, Version 2021.10.0 Build 20230609_000000" using compiler options "-Ibuild/ifort_64365A593998FE80 -c -warn all -check all -error-limit 1 -O0 -g -assume byterecl -traceback -free -module build/ifort_64365A593998FE80 -o build/ifort_64365A593998FE80/IO-Fortran-Library/test_units_array-test-i16.f90.o".

RUNNING TESTS (array) | date: 20230812 | time: 181336.475 | int kind: 4
-----------------------------------------------------------------------
All tests are "PASSING" with compiler "Intel(R) Fortran Intel(R) 64 Compiler Classic for applications running on Intel(R) 64, Version 2021.10.0 Build 20230609_000000" using compiler options "-Ibuild/ifort_64365A593998FE80 -c -warn all -check all -error-limit 1 -O0 -g -assume byterecl -traceback -free -module build/ifort_64365A593998FE80 -o build/ifort_64365A593998FE80/IO-Fortran-Library/test_units_array-test-i32.f90.o".

RUNNING TESTS (array) | date: 20230812 | time: 181336.541 | int kind: 8
-----------------------------------------------------------------------
All tests are "PASSING" with compiler "Intel(R) Fortran Intel(R) 64 Compiler Classic for applications running on Intel(R) 64, Version 2021.10.0 Build 20230609_000000" using compiler options "-Ibuild/ifort_64365A593998FE80 -c -warn all -check all -error-limit 1 -O0 -g -assume byterecl -traceback -free -module build/ifort_64365A593998FE80 -o build/ifort_64365A593998FE80/IO-Fortran-Library/test_units_array-test-i64.f90.o".

RUNNING TESTS (array) | date: 20230812 | time: 181336.611 | int kind: 1
-----------------------------------------------------------------------
All tests are "PASSING" with compiler "Intel(R) Fortran Intel(R) 64 Compiler Classic for applications running on Intel(R) 64, Version 2021.10.0 Build 20230609_000000" using compiler options "-Ibuild/ifort_64365A593998FE80 -c -warn all -check all -error-limit 1 -O0 -g -assume byterecl -traceback -free -module build/ifort_64365A593998FE80 -o build/ifort_64365A593998FE80/IO-Fortran-Library/test_units_array-test-i8.f90.o".

RUNNING TESTS (array) | date: 20230812 | time: 181336.679 | real kind: 16
-------------------------------------------------------------------------
All tests are "PASSING" with compiler "Intel(R) Fortran Intel(R) 64 Compiler Classic for applications running on Intel(R) 64, Version 2021.10.0 Build 20230609_000000" using compiler options "-Ibuild/ifort_64365A593998FE80 -c -warn all -check all -error-limit 1 -O0 -g -assume byterecl -traceback -free -module build/ifort_64365A593998FE80 -o build/ifort_64365A593998FE80/IO-Fortran-Library/test_units_array-test-r128.f90.o".

RUNNING TESTS (array) | date: 20230812 | time: 181336.817 | real kind: 4
------------------------------------------------------------------------
All tests are "PASSING" with compiler "Intel(R) Fortran Intel(R) 64 Compiler Classic for applications running on Intel(R) 64, Version 2021.10.0 Build 20230609_000000" using compiler options "-Ibuild/ifort_64365A593998FE80 -c -warn all -check all -error-limit 1 -O0 -g -assume byterecl -traceback -free -module build/ifort_64365A593998FE80 -o build/ifort_64365A593998FE80/IO-Fortran-Library/test_units_array-test-r32.f90.o".

RUNNING TESTS (array) | date: 20230812 | time: 181336.913 | real kind: 8
------------------------------------------------------------------------
All tests are "PASSING" with compiler "Intel(R) Fortran Intel(R) 64 Compiler Classic for applications running on Intel(R) 64, Version 2021.10.0 Build 20230609_000000" using compiler options "-Ibuild/ifort_64365A593998FE80 -c -warn all -check all -error-limit 1 -O0 -g -assume byterecl -traceback -free -module build/ifort_64365A593998FE80 -o build/ifort_64365A593998FE80/IO-Fortran-Library/test_units_array-test-r64.f90.o".

RUNNING TESTS (array) | date: 20230812 | time: 181337.301 | int kind: 2
-----------------------------------------------------------------------
All tests are "PASSING" with compiler "Intel(R) Fortran Intel(R) 64 Compiler Classic for applications running on Intel(R) 64, Version 2021.10.0 Build 20230609_000000" using compiler options "-Ibuild/ifort_64365A593998FE80 -c -warn all -check all -error-limit 1 -O0 -g -assume byterecl -traceback -free -module build/ifort_64365A593998FE80 -o build/ifort_64365A593998FE80/IO-Fortran-Library/test_units_file-test-i16.f90.o".

RUNNING TESTS (array) | date: 20230812 | time: 181337.770 | int kind: 4
-----------------------------------------------------------------------
All tests are "PASSING" with compiler "Intel(R) Fortran Intel(R) 64 Compiler Classic for applications running on Intel(R) 64, Version 2021.10.0 Build 20230609_000000" using compiler options "-Ibuild/ifort_64365A593998FE80 -c -warn all -check all -error-limit 1 -O0 -g -assume byterecl -traceback -free -module build/ifort_64365A593998FE80 -o build/ifort_64365A593998FE80/IO-Fortran-Library/test_units_file-test-i32.f90.o".

RUNNING TESTS (array) | date: 20230812 | time: 181338.244 | int kind: 8
-----------------------------------------------------------------------
All tests are "PASSING" with compiler "Intel(R) Fortran Intel(R) 64 Compiler Classic for applications running on Intel(R) 64, Version 2021.10.0 Build 20230609_000000" using compiler options "-Ibuild/ifort_64365A593998FE80 -c -warn all -check all -error-limit 1 -O0 -g -assume byterecl -traceback -free -module build/ifort_64365A593998FE80 -o build/ifort_64365A593998FE80/IO-Fortran-Library/test_units_file-test-i64.f90.o".

RUNNING TESTS (array) | date: 20230812 | time: 181338.751 | int kind: 1
-----------------------------------------------------------------------
All tests are "PASSING" with compiler "Intel(R) Fortran Intel(R) 64 Compiler Classic for applications running on Intel(R) 64, Version 2021.10.0 Build 20230609_000000" using compiler options "-Ibuild/ifort_64365A593998FE80 -c -warn all -check all -error-limit 1 -O0 -g -assume byterecl -traceback -free -module build/ifort_64365A593998FE80 -o build/ifort_64365A593998FE80/IO-Fortran-Library/test_units_file-test-i8.f90.o".

RUNNING TESTS (array) | date: 20230812 | time: 181339.180 | real kind: 16
-------------------------------------------------------------------------
All tests are "PASSING" with compiler "Intel(R) Fortran Intel(R) 64 Compiler Classic for applications running on Intel(R) 64, Version 2021.10.0 Build 20230609_000000" using compiler options "-Ibuild/ifort_64365A593998FE80 -c -warn all -check all -error-limit 1 -O0 -g -assume byterecl -traceback -free -module build/ifort_64365A593998FE80 -o build/ifort_64365A593998FE80/IO-Fortran-Library/test_units_file-test-r128.f90.o".

RUNNING TESTS (array) | date: 20230812 | time: 181340.501 | real kind: 4
------------------------------------------------------------------------
All tests are "PASSING" with compiler "Intel(R) Fortran Intel(R) 64 Compiler Classic for applications running on Intel(R) 64, Version 2021.10.0 Build 20230609_000000" using compiler options "-Ibuild/ifort_64365A593998FE80 -c -warn all -check all -error-limit 1 -O0 -g -assume byterecl -traceback -free -module build/ifort_64365A593998FE80 -o build/ifort_64365A593998FE80/IO-Fortran-Library/test_units_file-test-r32.f90.o".

RUNNING TESTS (array) | date: 20230812 | time: 181341.354 | real kind: 8
------------------------------------------------------------------------
All tests are "PASSING" with compiler "Intel(R) Fortran Intel(R) 64 Compiler Classic for applications running on Intel(R) 64, Version 2021.10.0 Build 20230609_000000" using compiler options "-Ibuild/ifort_64365A593998FE80 -c -warn all -check all -error-limit 1 -O0 -g -assume byterecl -traceback -free -module build/ifort_64365A593998FE80 -o build/ifort_64365A593998FE80/IO-Fortran-Library/test_units_file-test-r64.f90.o".

RUNNING TESTS (scalar) | date: 20230812 | time: 181342.283 | complex kind: 16
-----------------------------------------------------------------------------
All tests are "PASSING" with compiler "Intel(R) Fortran Intel(R) 64 Compiler Classic for applications running on Intel(R) 64, Version 2021.10.0 Build 20230609_000000" using compiler options "-Ibuild/ifort_64365A593998FE80 -c -warn all -check all -error-limit 1 -O0 -g -assume byterecl -traceback -free -module build/ifort_64365A593998FE80 -o build/ifort_64365A593998FE80/IO-Fortran-Library/test_units_scalar-test-c128.f90.o".

RUNNING TESTS (scalar) | date: 20230812 | time: 181342.353 | complex kind: 4
----------------------------------------------------------------------------
All tests are "PASSING" with compiler "Intel(R) Fortran Intel(R) 64 Compiler Classic for applications running on Intel(R) 64, Version 2021.10.0 Build 20230609_000000" using compiler options "-Ibuild/ifort_64365A593998FE80 -c -warn all -check all -error-limit 1 -O0 -g -assume byterecl -traceback -free -module build/ifort_64365A593998FE80 -o build/ifort_64365A593998FE80/IO-Fortran-Library/test_units_scalar-test-c32.f90.o".

RUNNING TESTS (scalar) | date: 20230812 | time: 181342.422 | complex kind: 8
----------------------------------------------------------------------------
All tests are "PASSING" with compiler "Intel(R) Fortran Intel(R) 64 Compiler Classic for applications running on Intel(R) 64, Version 2021.10.0 Build 20230609_000000" using compiler options "-Ibuild/ifort_64365A593998FE80 -c -warn all -check all -error-limit 1 -O0 -g -assume byterecl -traceback -free -module build/ifort_64365A593998FE80 -o build/ifort_64365A593998FE80/IO-Fortran-Library/test_units_scalar-test-c64.f90.o".

RUNNING TESTS (scalar) | date: 20230812 | time: 181342.489 | int kind: 2
------------------------------------------------------------------------
All tests are "PASSING" with compiler "Intel(R) Fortran Intel(R) 64 Compiler Classic for applications running on Intel(R) 64, Version 2021.10.0 Build 20230609_000000" using compiler options "-Ibuild/ifort_64365A593998FE80 -c -warn all -check all -error-limit 1 -O0 -g -assume byterecl -traceback -free -module build/ifort_64365A593998FE80 -o build/ifort_64365A593998FE80/IO-Fortran-Library/test_units_scalar-test-i16.f90.o".

RUNNING TESTS (scalar) | date: 20230812 | time: 181342.548 | int kind: 4
------------------------------------------------------------------------
All tests are "PASSING" with compiler "Intel(R) Fortran Intel(R) 64 Compiler Classic for applications running on Intel(R) 64, Version 2021.10.0 Build 20230609_000000" using compiler options "-Ibuild/ifort_64365A593998FE80 -c -warn all -check all -error-limit 1 -O0 -g -assume byterecl -traceback -free -module build/ifort_64365A593998FE80 -o build/ifort_64365A593998FE80/IO-Fortran-Library/test_units_scalar-test-i32.f90.o".

RUNNING TESTS (scalar) | date: 20230812 | time: 181342.608 | int kind: 8
------------------------------------------------------------------------
All tests are "PASSING" with compiler "Intel(R) Fortran Intel(R) 64 Compiler Classic for applications running on Intel(R) 64, Version 2021.10.0 Build 20230609_000000" using compiler options "-Ibuild/ifort_64365A593998FE80 -c -warn all -check all -error-limit 1 -O0 -g -assume byterecl -traceback -free -module build/ifort_64365A593998FE80 -o build/ifort_64365A593998FE80/IO-Fortran-Library/test_units_scalar-test-i64.f90.o".

RUNNING TESTS (scalar) | date: 20230812 | time: 181342.669 | int kind: 1
------------------------------------------------------------------------
All tests are "PASSING" with compiler "Intel(R) Fortran Intel(R) 64 Compiler Classic for applications running on Intel(R) 64, Version 2021.10.0 Build 20230609_000000" using compiler options "-Ibuild/ifort_64365A593998FE80 -c -warn all -check all -error-limit 1 -O0 -g -assume byterecl -traceback -free -module build/ifort_64365A593998FE80 -o build/ifort_64365A593998FE80/IO-Fortran-Library/test_units_scalar-test-i8.f90.o".

RUNNING TESTS (scalar) | date: 20230812 | time: 181342.724 | real kind: 16
--------------------------------------------------------------------------
All tests are "PASSING" with compiler "Intel(R) Fortran Intel(R) 64 Compiler Classic for applications running on Intel(R) 64, Version 2021.10.0 Build 20230609_000000" using compiler options "-Ibuild/ifort_64365A593998FE80 -c -warn all -check all -error-limit 1 -O0 -g -assume byterecl -traceback -free -module build/ifort_64365A593998FE80 -o build/ifort_64365A593998FE80/IO-Fortran-Library/test_units_scalar-test-r128.f90.o".

RUNNING TESTS (scalar) | date: 20230812 | time: 181342.784 | real kind: 4
-------------------------------------------------------------------------
All tests are "PASSING" with compiler "Intel(R) Fortran Intel(R) 64 Compiler Classic for applications running on Intel(R) 64, Version 2021.10.0 Build 20230609_000000" using compiler options "-Ibuild/ifort_64365A593998FE80 -c -warn all -check all -error-limit 1 -O0 -g -assume byterecl -traceback -free -module build/ifort_64365A593998FE80 -o build/ifort_64365A593998FE80/IO-Fortran-Library/test_units_scalar-test-r32.f90.o".

RUNNING TESTS (scalar) | date: 20230812 | time: 181342.842 | real kind: 8
-------------------------------------------------------------------------
All tests are "PASSING" with compiler "Intel(R) Fortran Intel(R) 64 Compiler Classic for applications running on Intel(R) 64, Version 2021.10.0 Build 20230609_000000" using compiler options "-Ibuild/ifort_64365A593998FE80 -c -warn all -check all -error-limit 1 -O0 -g -assume byterecl -traceback -free -module build/ifort_64365A593998FE80 -o build/ifort_64365A593998FE80/IO-Fortran-Library/test_units_scalar-test-r64.f90.o".

RUNNING TESTS (array) | date: 20230812 | time: 181538.524 | complex kind: 16
----------------------------------------------------------------------------
All tests are "PASSING" with compiler "Intel(R) Fortran Intel(R) 64 Compiler Classic for applications running on Intel(R) 64, Version 2021.10.0 Build 20230609_000000" using compiler options "-Ibuild/ifort_AF124F8F3A7E52CB -c -O3 -stand f18 -free -module build/ifort_AF124F8F3A7E52CB -o build/ifort_AF124F8F3A7E52CB/IO-Fortran-Library/test_units_array-test-c128.f90.o".

RUNNING TESTS (array) | date: 20230812 | time: 181538.898 | complex kind: 4
---------------------------------------------------------------------------
All tests are "PASSING" with compiler "Intel(R) Fortran Intel(R) 64 Compiler Classic for applications running on Intel(R) 64, Version 2021.10.0 Build 20230609_000000" using compiler options "-Ibuild/ifort_AF124F8F3A7E52CB -c -O3 -stand f18 -free -module build/ifort_AF124F8F3A7E52CB -o build/ifort_AF124F8F3A7E52CB/IO-Fortran-Library/test_units_array-test-c32.f90.o".

RUNNING TESTS (array) | date: 20230812 | time: 181539.047 | complex kind: 8
---------------------------------------------------------------------------
All tests are "PASSING" with compiler "Intel(R) Fortran Intel(R) 64 Compiler Classic for applications running on Intel(R) 64, Version 2021.10.0 Build 20230609_000000" using compiler options "-Ibuild/ifort_AF124F8F3A7E52CB -c -O3 -stand f18 -free -module build/ifort_AF124F8F3A7E52CB -o build/ifort_AF124F8F3A7E52CB/IO-Fortran-Library/test_units_array-test-c64.f90.o".

RUNNING TESTS (array) | date: 20230812 | time: 181539.221 | int kind: 2
-----------------------------------------------------------------------
All tests are "PASSING" with compiler "Intel(R) Fortran Intel(R) 64 Compiler Classic for applications running on Intel(R) 64, Version 2021.10.0 Build 20230609_000000" using compiler options "-Ibuild/ifort_AF124F8F3A7E52CB -c -O3 -stand f18 -free -module build/ifort_AF124F8F3A7E52CB -o build/ifort_AF124F8F3A7E52CB/IO-Fortran-Library/test_units_array-test-i16.f90.o".

RUNNING TESTS (array) | date: 20230812 | time: 181539.270 | int kind: 4
-----------------------------------------------------------------------
All tests are "PASSING" with compiler "Intel(R) Fortran Intel(R) 64 Compiler Classic for applications running on Intel(R) 64, Version 2021.10.0 Build 20230609_000000" using compiler options "-Ibuild/ifort_AF124F8F3A7E52CB -c -O3 -stand f18 -free -module build/ifort_AF124F8F3A7E52CB -o build/ifort_AF124F8F3A7E52CB/IO-Fortran-Library/test_units_array-test-i32.f90.o".

RUNNING TESTS (array) | date: 20230812 | time: 181539.319 | int kind: 8
-----------------------------------------------------------------------
All tests are "PASSING" with compiler "Intel(R) Fortran Intel(R) 64 Compiler Classic for applications running on Intel(R) 64, Version 2021.10.0 Build 20230609_000000" using compiler options "-Ibuild/ifort_AF124F8F3A7E52CB -c -O3 -stand f18 -free -module build/ifort_AF124F8F3A7E52CB -o build/ifort_AF124F8F3A7E52CB/IO-Fortran-Library/test_units_array-test-i64.f90.o".

RUNNING TESTS (array) | date: 20230812 | time: 181539.367 | int kind: 1
-----------------------------------------------------------------------
All tests are "PASSING" with compiler "Intel(R) Fortran Intel(R) 64 Compiler Classic for applications running on Intel(R) 64, Version 2021.10.0 Build 20230609_000000" using compiler options "-Ibuild/ifort_AF124F8F3A7E52CB -c -O3 -stand f18 -free -module build/ifort_AF124F8F3A7E52CB -o build/ifort_AF124F8F3A7E52CB/IO-Fortran-Library/test_units_array-test-i8.f90.o".

RUNNING TESTS (array) | date: 20230812 | time: 181539.416 | real kind: 16
-------------------------------------------------------------------------
All tests are "PASSING" with compiler "Intel(R) Fortran Intel(R) 64 Compiler Classic for applications running on Intel(R) 64, Version 2021.10.0 Build 20230609_000000" using compiler options "-Ibuild/ifort_AF124F8F3A7E52CB -c -O3 -stand f18 -free -module build/ifort_AF124F8F3A7E52CB -o build/ifort_AF124F8F3A7E52CB/IO-Fortran-Library/test_units_array-test-r128.f90.o".

RUNNING TESTS (array) | date: 20230812 | time: 181539.514 | real kind: 4
------------------------------------------------------------------------
All tests are "PASSING" with compiler "Intel(R) Fortran Intel(R) 64 Compiler Classic for applications running on Intel(R) 64, Version 2021.10.0 Build 20230609_000000" using compiler options "-Ibuild/ifort_AF124F8F3A7E52CB -c -O3 -stand f18 -free -module build/ifort_AF124F8F3A7E52CB -o build/ifort_AF124F8F3A7E52CB/IO-Fortran-Library/test_units_array-test-r32.f90.o".

RUNNING TESTS (array) | date: 20230812 | time: 181539.578 | real kind: 8
------------------------------------------------------------------------
All tests are "PASSING" with compiler "Intel(R) Fortran Intel(R) 64 Compiler Classic for applications running on Intel(R) 64, Version 2021.10.0 Build 20230609_000000" using compiler options "-Ibuild/ifort_AF124F8F3A7E52CB -c -O3 -stand f18 -free -module build/ifort_AF124F8F3A7E52CB -o build/ifort_AF124F8F3A7E52CB/IO-Fortran-Library/test_units_array-test-r64.f90.o".

RUNNING TESTS (array) | date: 20230812 | time: 181539.868 | int kind: 2
-----------------------------------------------------------------------
All tests are "PASSING" with compiler "Intel(R) Fortran Intel(R) 64 Compiler Classic for applications running on Intel(R) 64, Version 2021.10.0 Build 20230609_000000" using compiler options "-Ibuild/ifort_AF124F8F3A7E52CB -c -O3 -stand f18 -free -module build/ifort_AF124F8F3A7E52CB -o build/ifort_AF124F8F3A7E52CB/IO-Fortran-Library/test_units_file-test-i16.f90.o".

RUNNING TESTS (array) | date: 20230812 | time: 181540.183 | int kind: 4
-----------------------------------------------------------------------
All tests are "PASSING" with compiler "Intel(R) Fortran Intel(R) 64 Compiler Classic for applications running on Intel(R) 64, Version 2021.10.0 Build 20230609_000000" using compiler options "-Ibuild/ifort_AF124F8F3A7E52CB -c -O3 -stand f18 -free -module build/ifort_AF124F8F3A7E52CB -o build/ifort_AF124F8F3A7E52CB/IO-Fortran-Library/test_units_file-test-i32.f90.o".

RUNNING TESTS (array) | date: 20230812 | time: 181540.506 | int kind: 8
-----------------------------------------------------------------------
All tests are "PASSING" with compiler "Intel(R) Fortran Intel(R) 64 Compiler Classic for applications running on Intel(R) 64, Version 2021.10.0 Build 20230609_000000" using compiler options "-Ibuild/ifort_AF124F8F3A7E52CB -c -O3 -stand f18 -free -module build/ifort_AF124F8F3A7E52CB -o build/ifort_AF124F8F3A7E52CB/IO-Fortran-Library/test_units_file-test-i64.f90.o".

RUNNING TESTS (array) | date: 20230812 | time: 181540.854 | int kind: 1
-----------------------------------------------------------------------
All tests are "PASSING" with compiler "Intel(R) Fortran Intel(R) 64 Compiler Classic for applications running on Intel(R) 64, Version 2021.10.0 Build 20230609_000000" using compiler options "-Ibuild/ifort_AF124F8F3A7E52CB -c -O3 -stand f18 -free -module build/ifort_AF124F8F3A7E52CB -o build/ifort_AF124F8F3A7E52CB/IO-Fortran-Library/test_units_file-test-i8.f90.o".

RUNNING TESTS (array) | date: 20230812 | time: 181541.170 | real kind: 16
-------------------------------------------------------------------------
All tests are "PASSING" with compiler "Intel(R) Fortran Intel(R) 64 Compiler Classic for applications running on Intel(R) 64, Version 2021.10.0 Build 20230609_000000" using compiler options "-Ibuild/ifort_AF124F8F3A7E52CB -c -O3 -stand f18 -free -module build/ifort_AF124F8F3A7E52CB -o build/ifort_AF124F8F3A7E52CB/IO-Fortran-Library/test_units_file-test-r128.f90.o".

RUNNING TESTS (array) | date: 20230812 | time: 181542.151 | real kind: 4
------------------------------------------------------------------------
All tests are "PASSING" with compiler "Intel(R) Fortran Intel(R) 64 Compiler Classic for applications running on Intel(R) 64, Version 2021.10.0 Build 20230609_000000" using compiler options "-Ibuild/ifort_AF124F8F3A7E52CB -c -O3 -stand f18 -free -module build/ifort_AF124F8F3A7E52CB -o build/ifort_AF124F8F3A7E52CB/IO-Fortran-Library/test_units_file-test-r32.f90.o".

RUNNING TESTS (array) | date: 20230812 | time: 181542.774 | real kind: 8
------------------------------------------------------------------------
All tests are "PASSING" with compiler "Intel(R) Fortran Intel(R) 64 Compiler Classic for applications running on Intel(R) 64, Version 2021.10.0 Build 20230609_000000" using compiler options "-Ibuild/ifort_AF124F8F3A7E52CB -c -O3 -stand f18 -free -module build/ifort_AF124F8F3A7E52CB -o build/ifort_AF124F8F3A7E52CB/IO-Fortran-Library/test_units_file-test-r64.f90.o".

RUNNING TESTS (scalar) | date: 20230812 | time: 181543.479 | complex kind: 16
-----------------------------------------------------------------------------
All tests are "PASSING" with compiler "Intel(R) Fortran Intel(R) 64 Compiler Classic for applications running on Intel(R) 64, Version 2021.10.0 Build 20230609_000000" using compiler options "-Ibuild/ifort_AF124F8F3A7E52CB -c -O3 -stand f18 -free -module build/ifort_AF124F8F3A7E52CB -o build/ifort_AF124F8F3A7E52CB/IO-Fortran-Library/test_units_scalar-test-c128.f90.o".

RUNNING TESTS (scalar) | date: 20230812 | time: 181543.529 | complex kind: 4
----------------------------------------------------------------------------
All tests are "PASSING" with compiler "Intel(R) Fortran Intel(R) 64 Compiler Classic for applications running on Intel(R) 64, Version 2021.10.0 Build 20230609_000000" using compiler options "-Ibuild/ifort_AF124F8F3A7E52CB -c -O3 -stand f18 -free -module build/ifort_AF124F8F3A7E52CB -o build/ifort_AF124F8F3A7E52CB/IO-Fortran-Library/test_units_scalar-test-c32.f90.o".

RUNNING TESTS (scalar) | date: 20230812 | time: 181543.578 | complex kind: 8
----------------------------------------------------------------------------
All tests are "PASSING" with compiler "Intel(R) Fortran Intel(R) 64 Compiler Classic for applications running on Intel(R) 64, Version 2021.10.0 Build 20230609_000000" using compiler options "-Ibuild/ifort_AF124F8F3A7E52CB -c -O3 -stand f18 -free -module build/ifort_AF124F8F3A7E52CB -o build/ifort_AF124F8F3A7E52CB/IO-Fortran-Library/test_units_scalar-test-c64.f90.o".

RUNNING TESTS (scalar) | date: 20230812 | time: 181543.627 | int kind: 2
------------------------------------------------------------------------
All tests are "PASSING" with compiler "Intel(R) Fortran Intel(R) 64 Compiler Classic for applications running on Intel(R) 64, Version 2021.10.0 Build 20230609_000000" using compiler options "-Ibuild/ifort_AF124F8F3A7E52CB -c -O3 -stand f18 -free -module build/ifort_AF124F8F3A7E52CB -o build/ifort_AF124F8F3A7E52CB/IO-Fortran-Library/test_units_scalar-test-i16.f90.o".

RUNNING TESTS (scalar) | date: 20230812 | time: 181543.670 | int kind: 4
------------------------------------------------------------------------
All tests are "PASSING" with compiler "Intel(R) Fortran Intel(R) 64 Compiler Classic for applications running on Intel(R) 64, Version 2021.10.0 Build 20230609_000000" using compiler options "-Ibuild/ifort_AF124F8F3A7E52CB -c -O3 -stand f18 -free -module build/ifort_AF124F8F3A7E52CB -o build/ifort_AF124F8F3A7E52CB/IO-Fortran-Library/test_units_scalar-test-i32.f90.o".

RUNNING TESTS (scalar) | date: 20230812 | time: 181543.713 | int kind: 8
------------------------------------------------------------------------
All tests are "PASSING" with compiler "Intel(R) Fortran Intel(R) 64 Compiler Classic for applications running on Intel(R) 64, Version 2021.10.0 Build 20230609_000000" using compiler options "-Ibuild/ifort_AF124F8F3A7E52CB -c -O3 -stand f18 -free -module build/ifort_AF124F8F3A7E52CB -o build/ifort_AF124F8F3A7E52CB/IO-Fortran-Library/test_units_scalar-test-i64.f90.o".

RUNNING TESTS (scalar) | date: 20230812 | time: 181543.757 | int kind: 1
------------------------------------------------------------------------
All tests are "PASSING" with compiler "Intel(R) Fortran Intel(R) 64 Compiler Classic for applications running on Intel(R) 64, Version 2021.10.0 Build 20230609_000000" using compiler options "-Ibuild/ifort_AF124F8F3A7E52CB -c -O3 -stand f18 -free -module build/ifort_AF124F8F3A7E52CB -o build/ifort_AF124F8F3A7E52CB/IO-Fortran-Library/test_units_scalar-test-i8.f90.o".

RUNNING TESTS (scalar) | date: 20230812 | time: 181543.800 | real kind: 16
--------------------------------------------------------------------------
All tests are "PASSING" with compiler "Intel(R) Fortran Intel(R) 64 Compiler Classic for applications running on Intel(R) 64, Version 2021.10.0 Build 20230609_000000" using compiler options "-Ibuild/ifort_AF124F8F3A7E52CB -c -O3 -stand f18 -free -module build/ifort_AF124F8F3A7E52CB -o build/ifort_AF124F8F3A7E52CB/IO-Fortran-Library/test_units_scalar-test-r128.f90.o".

RUNNING TESTS (scalar) | date: 20230812 | time: 181543.844 | real kind: 4
-------------------------------------------------------------------------
All tests are "PASSING" with compiler "Intel(R) Fortran Intel(R) 64 Compiler Classic for applications running on Intel(R) 64, Version 2021.10.0 Build 20230609_000000" using compiler options "-Ibuild/ifort_AF124F8F3A7E52CB -c -O3 -stand f18 -free -module build/ifort_AF124F8F3A7E52CB -o build/ifort_AF124F8F3A7E52CB/IO-Fortran-Library/test_units_scalar-test-r32.f90.o".

RUNNING TESTS (scalar) | date: 20230812 | time: 181543.889 | real kind: 8
-------------------------------------------------------------------------
All tests are "PASSING" with compiler "Intel(R) Fortran Intel(R) 64 Compiler Classic for applications running on Intel(R) 64, Version 2021.10.0 Build 20230609_000000" using compiler options "-Ibuild/ifort_AF124F8F3A7E52CB -c -O3 -stand f18 -free -module build/ifort_AF124F8F3A7E52CB -o build/ifort_AF124F8F3A7E52CB/IO-Fortran-Library/test_units_scalar-test-r64.f90.o".

RUNNING TESTS (array) | date: 20230812 | time: 210215.601 | complex kind: 16
----------------------------------------------------------------------------
All tests are "PASSING" with compiler "GCC version 12.3.1 20230508 (Red Hat 12.3.1-1)" using compiler options "-I build/gfortran_020AF3609BFD7C6D -mtune=generic -march=x86-64 -g -Wall -Wextra -Werror=implicit-interface -fPIC -fmax-errors=1 -fbounds-check -fcheck=array-temps -fbacktrace -fcoarray=single -fimplicit-none -ffree-form -J build/gfortran_020AF3609BFD7C6D -fpre-include=/usr/include/finclude/math-vector-fortran.h".

RUNNING TESTS (array) | date: 20230812 | time: 210216.009 | complex kind: 4
---------------------------------------------------------------------------
All tests are "PASSING" with compiler "GCC version 12.3.1 20230508 (Red Hat 12.3.1-1)" using compiler options "-I build/gfortran_020AF3609BFD7C6D -mtune=generic -march=x86-64 -g -Wall -Wextra -Werror=implicit-interface -fPIC -fmax-errors=1 -fbounds-check -fcheck=array-temps -fbacktrace -fcoarray=single -fimplicit-none -ffree-form -J build/gfortran_020AF3609BFD7C6D -fpre-include=/usr/include/finclude/math-vector-fortran.h".

RUNNING TESTS (array) | date: 20230812 | time: 210216.211 | complex kind: 8
---------------------------------------------------------------------------
All tests are "PASSING" with compiler "GCC version 12.3.1 20230508 (Red Hat 12.3.1-1)" using compiler options "-I build/gfortran_020AF3609BFD7C6D -mtune=generic -march=x86-64 -g -Wall -Wextra -Werror=implicit-interface -fPIC -fmax-errors=1 -fbounds-check -fcheck=array-temps -fbacktrace -fcoarray=single -fimplicit-none -ffree-form -J build/gfortran_020AF3609BFD7C6D -fpre-include=/usr/include/finclude/math-vector-fortran.h".

RUNNING TESTS (array) | date: 20230812 | time: 210216.433 | int kind: 2
-----------------------------------------------------------------------
All tests are "PASSING" with compiler "GCC version 12.3.1 20230508 (Red Hat 12.3.1-1)" using compiler options "-I build/gfortran_020AF3609BFD7C6D -mtune=generic -march=x86-64 -g -Wall -Wextra -Werror=implicit-interface -fPIC -fmax-errors=1 -fbounds-check -fcheck=array-temps -fbacktrace -fcoarray=single -fimplicit-none -ffree-form -J build/gfortran_020AF3609BFD7C6D -fpre-include=/usr/include/finclude/math-vector-fortran.h".

RUNNING TESTS (array) | date: 20230812 | time: 210216.471 | int kind: 4
-----------------------------------------------------------------------
All tests are "PASSING" with compiler "GCC version 12.3.1 20230508 (Red Hat 12.3.1-1)" using compiler options "-I build/gfortran_020AF3609BFD7C6D -mtune=generic -march=x86-64 -g -Wall -Wextra -Werror=implicit-interface -fPIC -fmax-errors=1 -fbounds-check -fcheck=array-temps -fbacktrace -fcoarray=single -fimplicit-none -ffree-form -J build/gfortran_020AF3609BFD7C6D -fpre-include=/usr/include/finclude/math-vector-fortran.h".

RUNNING TESTS (array) | date: 20230812 | time: 210216.508 | int kind: 8
-----------------------------------------------------------------------
All tests are "PASSING" with compiler "GCC version 12.3.1 20230508 (Red Hat 12.3.1-1)" using compiler options "-I build/gfortran_020AF3609BFD7C6D -mtune=generic -march=x86-64 -g -Wall -Wextra -Werror=implicit-interface -fPIC -fmax-errors=1 -fbounds-check -fcheck=array-temps -fbacktrace -fcoarray=single -fimplicit-none -ffree-form -J build/gfortran_020AF3609BFD7C6D -fpre-include=/usr/include/finclude/math-vector-fortran.h".

RUNNING TESTS (array) | date: 20230812 | time: 210216.546 | int kind: 1
-----------------------------------------------------------------------
All tests are "PASSING" with compiler "GCC version 12.3.1 20230508 (Red Hat 12.3.1-1)" using compiler options "-I build/gfortran_020AF3609BFD7C6D -mtune=generic -march=x86-64 -g -Wall -Wextra -Werror=implicit-interface -fPIC -fmax-errors=1 -fbounds-check -fcheck=array-temps -fbacktrace -fcoarray=single -fimplicit-none -ffree-form -J build/gfortran_020AF3609BFD7C6D -fpre-include=/usr/include/finclude/math-vector-fortran.h".

RUNNING TESTS (array) | date: 20230812 | time: 210216.584 | real kind: 16
-------------------------------------------------------------------------
All tests are "PASSING" with compiler "GCC version 12.3.1 20230508 (Red Hat 12.3.1-1)" using compiler options "-I build/gfortran_020AF3609BFD7C6D -mtune=generic -march=x86-64 -g -Wall -Wextra -Werror=implicit-interface -fPIC -fmax-errors=1 -fbounds-check -fcheck=array-temps -fbacktrace -fcoarray=single -fimplicit-none -ffree-form -J build/gfortran_020AF3609BFD7C6D -fpre-include=/usr/include/finclude/math-vector-fortran.h".

RUNNING TESTS (array) | date: 20230812 | time: 210216.677 | real kind: 4
------------------------------------------------------------------------
All tests are "PASSING" with compiler "GCC version 12.3.1 20230508 (Red Hat 12.3.1-1)" using compiler options "-I build/gfortran_020AF3609BFD7C6D -mtune=generic -march=x86-64 -g -Wall -Wextra -Werror=implicit-interface -fPIC -fmax-errors=1 -fbounds-check -fcheck=array-temps -fbacktrace -fcoarray=single -fimplicit-none -ffree-form -J build/gfortran_020AF3609BFD7C6D -fpre-include=/usr/include/finclude/math-vector-fortran.h".

RUNNING TESTS (array) | date: 20230812 | time: 210216.739 | real kind: 8
------------------------------------------------------------------------
All tests are "PASSING" with compiler "GCC version 12.3.1 20230508 (Red Hat 12.3.1-1)" using compiler options "-I build/gfortran_020AF3609BFD7C6D -mtune=generic -march=x86-64 -g -Wall -Wextra -Werror=implicit-interface -fPIC -fmax-errors=1 -fbounds-check -fcheck=array-temps -fbacktrace -fcoarray=single -fimplicit-none -ffree-form -J build/gfortran_020AF3609BFD7C6D -fpre-include=/usr/include/finclude/math-vector-fortran.h".

RUNNING TESTS (array) | date: 20230812 | time: 210216.808 | complex kind: 16
----------------------------------------------------------------------------
All tests are "PASSING" with compiler "GCC version 12.3.1 20230508 (Red Hat 12.3.1-1)" using compiler options "-I build/gfortran_020AF3609BFD7C6D -mtune=generic -march=x86-64 -g -Wall -Wextra -Werror=implicit-interface -fPIC -fmax-errors=1 -fbounds-check -fcheck=array-temps -fbacktrace -fcoarray=single -fimplicit-none -ffree-form -J build/gfortran_020AF3609BFD7C6D -fpre-include=/usr/include/finclude/math-vector-fortran.h".

RUNNING TESTS (array) | date: 20230812 | time: 210222.261 | complex kind: 4
---------------------------------------------------------------------------
All tests are "PASSING" with compiler "GCC version 12.3.1 20230508 (Red Hat 12.3.1-1)" using compiler options "-I build/gfortran_020AF3609BFD7C6D -mtune=generic -march=x86-64 -g -Wall -Wextra -Werror=implicit-interface -fPIC -fmax-errors=1 -fbounds-check -fcheck=array-temps -fbacktrace -fcoarray=single -fimplicit-none -ffree-form -J build/gfortran_020AF3609BFD7C6D -fpre-include=/usr/include/finclude/math-vector-fortran.h".

RUNNING TESTS (array) | date: 20230812 | time: 210225.579 | complex kind: 8
---------------------------------------------------------------------------
All tests are "PASSING" with compiler "GCC version 12.3.1 20230508 (Red Hat 12.3.1-1)" using compiler options "-I build/gfortran_020AF3609BFD7C6D -mtune=generic -march=x86-64 -g -Wall -Wextra -Werror=implicit-interface -fPIC -fmax-errors=1 -fbounds-check -fcheck=array-temps -fbacktrace -fcoarray=single -fimplicit-none -ffree-form -J build/gfortran_020AF3609BFD7C6D -fpre-include=/usr/include/finclude/math-vector-fortran.h".

RUNNING TESTS (array) | date: 20230812 | time: 210229.105 | int kind: 2
-----------------------------------------------------------------------
All tests are "PASSING" with compiler "GCC version 12.3.1 20230508 (Red Hat 12.3.1-1)" using compiler options "-I build/gfortran_020AF3609BFD7C6D -mtune=generic -march=x86-64 -g -Wall -Wextra -Werror=implicit-interface -fPIC -fmax-errors=1 -fbounds-check -fcheck=array-temps -fbacktrace -fcoarray=single -fimplicit-none -ffree-form -J build/gfortran_020AF3609BFD7C6D -fpre-include=/usr/include/finclude/math-vector-fortran.h".

RUNNING TESTS (array) | date: 20230812 | time: 210229.493 | int kind: 4
-----------------------------------------------------------------------
All tests are "PASSING" with compiler "GCC version 12.3.1 20230508 (Red Hat 12.3.1-1)" using compiler options "-I build/gfortran_020AF3609BFD7C6D -mtune=generic -march=x86-64 -g -Wall -Wextra -Werror=implicit-interface -fPIC -fmax-errors=1 -fbounds-check -fcheck=array-temps -fbacktrace -fcoarray=single -fimplicit-none -ffree-form -J build/gfortran_020AF3609BFD7C6D -fpre-include=/usr/include/finclude/math-vector-fortran.h".

RUNNING TESTS (array) | date: 20230812 | time: 210229.914 | int kind: 8
-----------------------------------------------------------------------
All tests are "PASSING" with compiler "GCC version 12.3.1 20230508 (Red Hat 12.3.1-1)" using compiler options "-I build/gfortran_020AF3609BFD7C6D -mtune=generic -march=x86-64 -g -Wall -Wextra -Werror=implicit-interface -fPIC -fmax-errors=1 -fbounds-check -fcheck=array-temps -fbacktrace -fcoarray=single -fimplicit-none -ffree-form -J build/gfortran_020AF3609BFD7C6D -fpre-include=/usr/include/finclude/math-vector-fortran.h".

RUNNING TESTS (array) | date: 20230812 | time: 210230.347 | int kind: 1
-----------------------------------------------------------------------
All tests are "PASSING" with compiler "GCC version 12.3.1 20230508 (Red Hat 12.3.1-1)" using compiler options "-I build/gfortran_020AF3609BFD7C6D -mtune=generic -march=x86-64 -g -Wall -Wextra -Werror=implicit-interface -fPIC -fmax-errors=1 -fbounds-check -fcheck=array-temps -fbacktrace -fcoarray=single -fimplicit-none -ffree-form -J build/gfortran_020AF3609BFD7C6D -fpre-include=/usr/include/finclude/math-vector-fortran.h".

RUNNING TESTS (array) | date: 20230812 | time: 210230.754 | real kind: 16
-------------------------------------------------------------------------
All tests are "PASSING" with compiler "GCC version 12.3.1 20230508 (Red Hat 12.3.1-1)" using compiler options "-I build/gfortran_020AF3609BFD7C6D -mtune=generic -march=x86-64 -g -Wall -Wextra -Werror=implicit-interface -fPIC -fmax-errors=1 -fbounds-check -fcheck=array-temps -fbacktrace -fcoarray=single -fimplicit-none -ffree-form -J build/gfortran_020AF3609BFD7C6D -fpre-include=/usr/include/finclude/math-vector-fortran.h".

RUNNING TESTS (array) | date: 20230812 | time: 210231.937 | real kind: 4
------------------------------------------------------------------------
All tests are "PASSING" with compiler "GCC version 12.3.1 20230508 (Red Hat 12.3.1-1)" using compiler options "-I build/gfortran_020AF3609BFD7C6D -mtune=generic -march=x86-64 -g -Wall -Wextra -Werror=implicit-interface -fPIC -fmax-errors=1 -fbounds-check -fcheck=array-temps -fbacktrace -fcoarray=single -fimplicit-none -ffree-form -J build/gfortran_020AF3609BFD7C6D -fpre-include=/usr/include/finclude/math-vector-fortran.h".

RUNNING TESTS (array) | date: 20230812 | time: 210232.772 | real kind: 8
------------------------------------------------------------------------
All tests are "PASSING" with compiler "GCC version 12.3.1 20230508 (Red Hat 12.3.1-1)" using compiler options "-I build/gfortran_020AF3609BFD7C6D -mtune=generic -march=x86-64 -g -Wall -Wextra -Werror=implicit-interface -fPIC -fmax-errors=1 -fbounds-check -fcheck=array-temps -fbacktrace -fcoarray=single -fimplicit-none -ffree-form -J build/gfortran_020AF3609BFD7C6D -fpre-include=/usr/include/finclude/math-vector-fortran.h".

RUNNING TESTS (scalar) | date: 20230812 | time: 210233.644 | complex kind: 16
-----------------------------------------------------------------------------
All tests are "PASSING" with compiler "GCC version 12.3.1 20230508 (Red Hat 12.3.1-1)" using compiler options "-I build/gfortran_020AF3609BFD7C6D -mtune=generic -march=x86-64 -g -Wall -Wextra -Werror=implicit-interface -fPIC -fmax-errors=1 -fbounds-check -fcheck=array-temps -fbacktrace -fcoarray=single -fimplicit-none -ffree-form -J build/gfortran_020AF3609BFD7C6D -fpre-include=/usr/include/finclude/math-vector-fortran.h".

RUNNING TESTS (scalar) | date: 20230812 | time: 210233.684 | complex kind: 4
----------------------------------------------------------------------------
All tests are "PASSING" with compiler "GCC version 12.3.1 20230508 (Red Hat 12.3.1-1)" using compiler options "-I build/gfortran_020AF3609BFD7C6D -mtune=generic -march=x86-64 -g -Wall -Wextra -Werror=implicit-interface -fPIC -fmax-errors=1 -fbounds-check -fcheck=array-temps -fbacktrace -fcoarray=single -fimplicit-none -ffree-form -J build/gfortran_020AF3609BFD7C6D -fpre-include=/usr/include/finclude/math-vector-fortran.h".

RUNNING TESTS (scalar) | date: 20230812 | time: 210233.723 | complex kind: 8
----------------------------------------------------------------------------
All tests are "PASSING" with compiler "GCC version 12.3.1 20230508 (Red Hat 12.3.1-1)" using compiler options "-I build/gfortran_020AF3609BFD7C6D -mtune=generic -march=x86-64 -g -Wall -Wextra -Werror=implicit-interface -fPIC -fmax-errors=1 -fbounds-check -fcheck=array-temps -fbacktrace -fcoarray=single -fimplicit-none -ffree-form -J build/gfortran_020AF3609BFD7C6D -fpre-include=/usr/include/finclude/math-vector-fortran.h".

RUNNING TESTS (scalar) | date: 20230812 | time: 210233.764 | int kind: 2
------------------------------------------------------------------------
All tests are "PASSING" with compiler "GCC version 12.3.1 20230508 (Red Hat 12.3.1-1)" using compiler options "-I build/gfortran_020AF3609BFD7C6D -mtune=generic -march=x86-64 -g -Wall -Wextra -Werror=implicit-interface -fPIC -fmax-errors=1 -fbounds-check -fcheck=array-temps -fbacktrace -fcoarray=single -fimplicit-none -ffree-form -J build/gfortran_020AF3609BFD7C6D -fpre-include=/usr/include/finclude/math-vector-fortran.h".

RUNNING TESTS (scalar) | date: 20230812 | time: 210233.800 | int kind: 4
------------------------------------------------------------------------
All tests are "PASSING" with compiler "GCC version 12.3.1 20230508 (Red Hat 12.3.1-1)" using compiler options "-I build/gfortran_020AF3609BFD7C6D -mtune=generic -march=x86-64 -g -Wall -Wextra -Werror=implicit-interface -fPIC -fmax-errors=1 -fbounds-check -fcheck=array-temps -fbacktrace -fcoarray=single -fimplicit-none -ffree-form -J build/gfortran_020AF3609BFD7C6D -fpre-include=/usr/include/finclude/math-vector-fortran.h".

RUNNING TESTS (scalar) | date: 20230812 | time: 210233.838 | int kind: 8
------------------------------------------------------------------------
All tests are "PASSING" with compiler "GCC version 12.3.1 20230508 (Red Hat 12.3.1-1)" using compiler options "-I build/gfortran_020AF3609BFD7C6D -mtune=generic -march=x86-64 -g -Wall -Wextra -Werror=implicit-interface -fPIC -fmax-errors=1 -fbounds-check -fcheck=array-temps -fbacktrace -fcoarray=single -fimplicit-none -ffree-form -J build/gfortran_020AF3609BFD7C6D -fpre-include=/usr/include/finclude/math-vector-fortran.h".

RUNNING TESTS (scalar) | date: 20230812 | time: 210233.875 | int kind: 1
------------------------------------------------------------------------
All tests are "PASSING" with compiler "GCC version 12.3.1 20230508 (Red Hat 12.3.1-1)" using compiler options "-I build/gfortran_020AF3609BFD7C6D -mtune=generic -march=x86-64 -g -Wall -Wextra -Werror=implicit-interface -fPIC -fmax-errors=1 -fbounds-check -fcheck=array-temps -fbacktrace -fcoarray=single -fimplicit-none -ffree-form -J build/gfortran_020AF3609BFD7C6D -fpre-include=/usr/include/finclude/math-vector-fortran.h".

RUNNING TESTS (scalar) | date: 20230812 | time: 210233.910 | real kind: 16
--------------------------------------------------------------------------
All tests are "PASSING" with compiler "GCC version 12.3.1 20230508 (Red Hat 12.3.1-1)" using compiler options "-I build/gfortran_020AF3609BFD7C6D -mtune=generic -march=x86-64 -g -Wall -Wextra -Werror=implicit-interface -fPIC -fmax-errors=1 -fbounds-check -fcheck=array-temps -fbacktrace -fcoarray=single -fimplicit-none -ffree-form -J build/gfortran_020AF3609BFD7C6D -fpre-include=/usr/include/finclude/math-vector-fortran.h".

RUNNING TESTS (scalar) | date: 20230812 | time: 210233.946 | real kind: 4
-------------------------------------------------------------------------
All tests are "PASSING" with compiler "GCC version 12.3.1 20230508 (Red Hat 12.3.1-1)" using compiler options "-I build/gfortran_020AF3609BFD7C6D -mtune=generic -march=x86-64 -g -Wall -Wextra -Werror=implicit-interface -fPIC -fmax-errors=1 -fbounds-check -fcheck=array-temps -fbacktrace -fcoarray=single -fimplicit-none -ffree-form -J build/gfortran_020AF3609BFD7C6D -fpre-include=/usr/include/finclude/math-vector-fortran.h".

RUNNING TESTS (scalar) | date: 20230812 | time: 210233.983 | real kind: 8
-------------------------------------------------------------------------
All tests are "PASSING" with compiler "GCC version 12.3.1 20230508 (Red Hat 12.3.1-1)" using compiler options "-I build/gfortran_020AF3609BFD7C6D -mtune=generic -march=x86-64 -g -Wall -Wextra -Werror=implicit-interface -fPIC -fmax-errors=1 -fbounds-check -fcheck=array-temps -fbacktrace -fcoarray=single -fimplicit-none -ffree-form -J build/gfortran_020AF3609BFD7C6D -fpre-include=/usr/include/finclude/math-vector-fortran.h".

