RUNNING TESTS (str|cast) - date: 20230106 | time: 172930.096
-------------------------------------------------------------
All tests are "PASSING" with compiler "GCC version 11.3.0" using compiler options "-I build/gfortran_2A42023B310FA28D -mtune=generic -march=x86-64 -g -Wall -Wextra -Wimplicit-interface -fPIC -fmax-errors=1 -fcheck=bounds -fcheck=array-temps -fbacktrace -fcoarray=single -J build/gfortran_2A42023B310FA28D -fpre-include=/usr/include/finclude/math-vector-fortran.h".

RUNNING TESTS (String|cast_string) - date: 20230106 | time: 172930.139
-----------------------------------------------------------------------
All tests are "PASSING" with compiler "GCC version 11.3.0" using compiler options "-I build/gfortran_2A42023B310FA28D -mtune=generic -march=x86-64 -g -Wall -Wextra -Wimplicit-interface -fPIC -fmax-errors=1 -fcheck=bounds -fcheck=array-temps -fbacktrace -fcoarray=single -J build/gfortran_2A42023B310FA28D -fpre-include=/usr/include/finclude/math-vector-fortran.h".

RUNNING TESTS (to_file|from_file) - date: 20230106 | time: 172930.182
----------------------------------------------------------------------
All tests are "PASSING" with compiler "GCC version 11.3.0" using compiler options "-I build/gfortran_2A42023B310FA28D -mtune=generic -march=x86-64 -g -Wall -Wextra -Wimplicit-interface -fPIC -fmax-errors=1 -fcheck=bounds -fcheck=array-temps -fbacktrace -fcoarray=single -J build/gfortran_2A42023B310FA28D -fpre-include=/usr/include/finclude/math-vector-fortran.h".

RUNNING TESTS (str|cast) - date: 20230106 | time: 172951.708
-------------------------------------------------------------
All tests are "PASSING" with compiler "Intel(R) Fortran Compiler for applications running on Intel(R) 64, Version 2023.0.0 Build 20221201" using compiler options "-Ibuild/ifx_5C58216731706F11 -c -warn all -check all -error-limit 1 -O0 -g -assume byterecl -traceback -module build/ifx_5C58216731706F11 -o build/ifx_5C58216731706F11/IO-Fortran-Library/test_str-cast-test.f90.o ".

RUNNING TESTS (String|cast_string) - date: 20230106 | time: 172951.765
-----------------------------------------------------------------------
All tests are "PASSING" with compiler "Intel(R) Fortran Compiler for applications running on Intel(R) 64, Version 2023.0.0 Build 20221201" using compiler options "-Ibuild/ifx_5C58216731706F11 -c -warn all -check all -error-limit 1 -O0 -g -assume byterecl -traceback -module build/ifx_5C58216731706F11 -o build/ifx_5C58216731706F11/IO-Fortran-Library/test_String-cast_string-test.f90.o ".

RUNNING TESTS (to_file|from_file) - date: 20230106 | time: 172951.820
----------------------------------------------------------------------
All tests are "PASSING" with compiler "Intel(R) Fortran Compiler for applications running on Intel(R) 64, Version 2023.0.0 Build 20221201" using compiler options "-Ibuild/ifx_5C58216731706F11 -c -warn all -check all -error-limit 1 -O0 -g -assume byterecl -traceback -module build/ifx_5C58216731706F11 -o build/ifx_5C58216731706F11/IO-Fortran-Library/test_to_file-from_file-test.f90.o ".

RUNNING TESTS (str|cast) - date: 20230106 | time: 173010.494
-------------------------------------------------------------
All tests are "PASSING" with compiler "Intel(R) Fortran Intel(R) 64 Compiler Classic for applications running on Intel(R) 64, Version 2021.8.0 Build 20221119_000000" using compiler options "-Ibuild/ifort_5C58216731706F11 -c -warn all -check all -error-limit 1 -O0 -g -assume byterecl -traceback -module build/ifort_5C58216731706F11 -o build/ifort_5C58216731706F11/IO-Fortran-Library/test_str-cast-test.f90.o".

RUNNING TESTS (String|cast_string) - date: 20230106 | time: 173010.550
-----------------------------------------------------------------------
All tests are "PASSING" with compiler "Intel(R) Fortran Intel(R) 64 Compiler Classic for applications running on Intel(R) 64, Version 2021.8.0 Build 20221119_000000" using compiler options "-Ibuild/ifort_5C58216731706F11 -c -warn all -check all -error-limit 1 -O0 -g -assume byterecl -traceback -module build/ifort_5C58216731706F11 -o build/ifort_5C58216731706F11/IO-Fortran-Library/test_String-cast_string-test.f90.o".

RUNNING TESTS (to_file|from_file) - date: 20230106 | time: 173010.616
----------------------------------------------------------------------
All tests are "PASSING" with compiler "Intel(R) Fortran Intel(R) 64 Compiler Classic for applications running on Intel(R) 64, Version 2021.8.0 Build 20221119_000000" using compiler options "-Ibuild/ifort_5C58216731706F11 -c -warn all -check all -error-limit 1 -O0 -g -assume byterecl -traceback -module build/ifort_5C58216731706F11 -o build/ifort_5C58216731706F11/IO-Fortran-Library/test_to_file-from_file-test.f90.o".

RUNNING TESTS (str|cast) - date: 20230106 | time: 173044.490
-------------------------------------------------------------
All tests are "PASSING" with compiler "GCC version 11.2.0" using compiler options "-I build\gfortran_2A42023B310FA28D -mtune=generic -march=x86-64 -g -Wall -Wextra -Wimplicit-interface -fPIC -fmax-errors=1 -fcheck=bounds -fcheck=array-temps -fbacktrace -fcoarray=single -J build\gfortran_2A42023B310FA28D".

RUNNING TESTS (String|cast_string) - date: 20230106 | time: 173045.284
-----------------------------------------------------------------------
All tests are "PASSING" with compiler "GCC version 11.2.0" using compiler options "-I build\gfortran_2A42023B310FA28D -mtune=generic -march=x86-64 -g -Wall -Wextra -Wimplicit-interface -fPIC -fmax-errors=1 -fcheck=bounds -fcheck=array-temps -fbacktrace -fcoarray=single -J build\gfortran_2A42023B310FA28D".

RUNNING TESTS (to_file|from_file) - date: 20230106 | time: 173045.845
----------------------------------------------------------------------
All tests are "PASSING" with compiler "GCC version 11.2.0" using compiler options "-I build\gfortran_2A42023B310FA28D -mtune=generic -march=x86-64 -g -Wall -Wextra -Wimplicit-interface -fPIC -fmax-errors=1 -fcheck=bounds -fcheck=array-temps -fbacktrace -fcoarray=single -J build\gfortran_2A42023B310FA28D".

